Archive member included because of file (symbol)

c:/program files/atmel/avr tools/avr toolchain/bin/../lib/gcc/avr/4.5.1/avr4\libgcc.a(_exit.o)
                              c:/program files/atmel/avr tools/avr toolchain/bin/../lib/gcc/avr/4.5.1/../../../../avr/lib/avr4/crtm8.o (exit)
c:/program files/atmel/avr tools/avr toolchain/bin/../lib/gcc/avr/4.5.1/avr4\libgcc.a(_copy_data.o)
                              leds.o (__do_copy_data)
c:/program files/atmel/avr tools/avr toolchain/bin/../lib/gcc/avr/4.5.1/avr4\libgcc.a(_clear_bss.o)
                              nock_machine.o (__do_clear_bss)
c:/program files/atmel/avr tools/avr toolchain/bin/../lib/gcc/avr/4.5.1/../../../../avr/lib/avr4\libc.a(eerd_block_atmega8.o)
                              eepromworker.o (__eerd_block_m8)
c:/program files/atmel/avr tools/avr toolchain/bin/../lib/gcc/avr/4.5.1/../../../../avr/lib/avr4\libc.a(eewr_block_atmega8.o)
                              eepromworker.o (__eewr_block_m8)
c:/program files/atmel/avr tools/avr toolchain/bin/../lib/gcc/avr/4.5.1/../../../../avr/lib/avr4\libc.a(eewr_byte_atmega8.o)
                              c:/program files/atmel/avr tools/avr toolchain/bin/../lib/gcc/avr/4.5.1/../../../../avr/lib/avr4\libc.a(eewr_block_atmega8.o) (__eewr_r18_m8)

Allocating common symbols
Common symbol       size              file

g_nocks             0xb7              nock_machine.o
g_flags             0x5               nock_machine.o
rx_buffer           0x80              uart_logger.o
g_timer             0x1e              softtimer.o
op_status           0x1               rf73_spi.o

Memory Configuration

Name             Origin             Length             Attributes
text             0x00000000         0x00002000         xr
data             0x00800060         0x0000ffa0         rw !x
eeprom           0x00810000         0x00010000         rw !x
fuse             0x00820000         0x00000400         rw !x
lock             0x00830000         0x00000400         rw !x
signature        0x00840000         0x00000400         rw !x
*default*        0x00000000         0xffffffff

Linker script and memory map

LOAD c:/program files/atmel/avr tools/avr toolchain/bin/../lib/gcc/avr/4.5.1/../../../../avr/lib/avr4/crtm8.o
LOAD eepromworker.o
LOAD leds.o
LOAD main.o
LOAD nock_machine.o
LOAD softtimer.o
LOAD uart_logger.o
LOAD rf73_spi.o
LOAD c:/program files/atmel/avr tools/avr toolchain/bin/../lib/gcc/avr/4.5.1/avr4\libgcc.a
LOAD c:/program files/atmel/avr tools/avr toolchain/bin/../lib/gcc/avr/4.5.1/../../../../avr/lib/avr4\libc.a
LOAD c:/program files/atmel/avr tools/avr toolchain/bin/../lib/gcc/avr/4.5.1/avr4\libgcc.a

.hash
 *(.hash)

.dynsym
 *(.dynsym)

.dynstr
 *(.dynstr)

.gnu.version
 *(.gnu.version)

.gnu.version_d
 *(.gnu.version_d)

.gnu.version_r
 *(.gnu.version_r)

.rel.init
 *(.rel.init)

.rela.init
 *(.rela.init)

.rel.text
 *(.rel.text)
 *(.rel.text.*)
 *(.rel.gnu.linkonce.t*)

.rela.text
 *(.rela.text)
 *(.rela.text.*)
 *(.rela.gnu.linkonce.t*)

.rel.fini
 *(.rel.fini)

.rela.fini
 *(.rela.fini)

.rel.rodata
 *(.rel.rodata)
 *(.rel.rodata.*)
 *(.rel.gnu.linkonce.r*)

.rela.rodata
 *(.rela.rodata)
 *(.rela.rodata.*)
 *(.rela.gnu.linkonce.r*)

.rel.data
 *(.rel.data)
 *(.rel.data.*)
 *(.rel.gnu.linkonce.d*)

.rela.data
 *(.rela.data)
 *(.rela.data.*)
 *(.rela.gnu.linkonce.d*)

.rel.ctors
 *(.rel.ctors)

.rela.ctors
 *(.rela.ctors)

.rel.dtors
 *(.rel.dtors)

.rela.dtors
 *(.rela.dtors)

.rel.got
 *(.rel.got)

.rela.got
 *(.rela.got)

.rel.bss
 *(.rel.bss)

.rela.bss
 *(.rela.bss)

.rel.plt
 *(.rel.plt)

.rela.plt
 *(.rela.plt)

.text           0x00000000      0xb7c
 *(.vectors)
 .vectors       0x00000000       0x26 c:/program files/atmel/avr tools/avr toolchain/bin/../lib/gcc/avr/4.5.1/../../../../avr/lib/avr4/crtm8.o
                0x00000000                __vector_default
                0x00000000                __vectors
 *(.vectors)
 *(.progmem.gcc*)
 *(.progmem*)
                0x00000026                . = ALIGN (0x2)
                0x00000026                __trampolines_start = .
 *(.trampolines)
 .trampolines   0x00000026        0x0 linker stubs
 *(.trampolines*)
                0x00000026                __trampolines_end = .
 *(.jumptables)
 *(.jumptables*)
 *(.lowtext)
 *(.lowtext*)
                0x00000026                __ctors_start = .
 *(.ctors)
                0x00000026                __ctors_end = .
                0x00000026                __dtors_start = .
 *(.dtors)
                0x00000026                __dtors_end = .
 SORT(*)(.ctors)
 SORT(*)(.dtors)
 *(.init0)
 .init0         0x00000026        0x0 c:/program files/atmel/avr tools/avr toolchain/bin/../lib/gcc/avr/4.5.1/../../../../avr/lib/avr4/crtm8.o
                0x00000026                __init
 *(.init0)
 *(.init1)
 *(.init1)
 *(.init2)
 .init2         0x00000026        0xc c:/program files/atmel/avr tools/avr toolchain/bin/../lib/gcc/avr/4.5.1/../../../../avr/lib/avr4/crtm8.o
 *(.init2)
 *(.init3)
 *(.init3)
 *(.init4)
 .init4         0x00000032       0x16 c:/program files/atmel/avr tools/avr toolchain/bin/../lib/gcc/avr/4.5.1/avr4\libgcc.a(_copy_data.o)
                0x00000032                __do_copy_data
 .init4         0x00000048       0x10 c:/program files/atmel/avr tools/avr toolchain/bin/../lib/gcc/avr/4.5.1/avr4\libgcc.a(_clear_bss.o)
                0x00000048                __do_clear_bss
 *(.init4)
 *(.init5)
 *(.init5)
 *(.init6)
 *(.init6)
 *(.init7)
 *(.init7)
 *(.init8)
 *(.init8)
 *(.init9)
 .init9         0x00000058        0x4 c:/program files/atmel/avr tools/avr toolchain/bin/../lib/gcc/avr/4.5.1/../../../../avr/lib/avr4/crtm8.o
 *(.init9)
 *(.text)
 .text          0x0000005c        0x2 c:/program files/atmel/avr tools/avr toolchain/bin/../lib/gcc/avr/4.5.1/../../../../avr/lib/avr4/crtm8.o
                0x0000005c                __vector_1
                0x0000005c                __vector_12
                0x0000005c                __bad_interrupt
                0x0000005c                __vector_6
                0x0000005c                __vector_3
                0x0000005c                __vector_13
                0x0000005c                __vector_17
                0x0000005c                __vector_7
                0x0000005c                __vector_5
                0x0000005c                __vector_4
                0x0000005c                __vector_9
                0x0000005c                __vector_2
                0x0000005c                __vector_15
                0x0000005c                __vector_14
                0x0000005c                __vector_10
                0x0000005c                __vector_16
                0x0000005c                __vector_18
 .text          0x0000005e       0x78 eepromworker.o
                0x0000005e                eepromInit
                0x00000060                eepromWrite
                0x0000006c                eepromRead
                0x00000078                eepromReadToMark
 .text          0x000000d6       0xc4 leds.o
                0x000000d6                ledInit
                0x00000138                ledOn
                0x00000158                ledOff
                0x0000017a                ledTaggle
 .text          0x0000019a       0x36 main.o
                0x0000019a                main
 .text          0x000001d0      0x366 nock_machine.o
                0x000001d0                makeNock
                0x000001e6                initGVals
                0x00000242                changeFlag
                0x0000024e                nockMachine_2
                0x000002e6                nockReadFromEEPROM
                0x00000310                initNockMachine
                0x0000031c                nockWriteToEEPROM
                0x0000033e                initSendMachine
                0x0000034a                sendMachine_3
 .text          0x00000536      0x13e softtimer.o
                0x00000536                initHardWareTimer
                0x0000054c                timerSet
                0x0000056e                timerIsElapsed
                0x00000596                timerGetCurrent
                0x000005b2                timerInit
                0x000005de                __vector_8
 .text          0x00000674      0x132 uart_logger.o
                0x00000674                GPIO_Configuration
                0x00000678                USART_Configuration
                0x0000068a                loggerInit
                0x00000690                loggerWrite
                0x000006a4                loggerWriteByteInBit
                0x00000706                loggerWriteToMarker
                0x0000071c                __vector_11
                0x00000760                getData
 .text          0x000007a6      0x386 rf73_spi.o
                0x000007a6                Init_Spi
                0x000007b6                ReadWrite_Spi
                0x000007c0                SPI_Write_Reg
                0x000007e4                SPI_Read_Reg
                0x000007f4                SPI_Read_Buf
                0x0000083e                SPI_Write_Buf
                0x0000088a                SwitchToRxMode
                0x000008ac                SwitchToTxMode
                0x000008c4                SwitchCFG
                0x000008e4                SetChannelNum
                0x000008ec                RFM73_Initialize
                0x00000a8c                RFM73_SetPower
                0x00000a9c                Send_Packet
                0x00000ae0                Receive_Packet
 .text          0x00000b2c        0x0 c:/program files/atmel/avr tools/avr toolchain/bin/../lib/gcc/avr/4.5.1/avr4\libgcc.a(_exit.o)
 .text          0x00000b2c        0x0 c:/program files/atmel/avr tools/avr toolchain/bin/../lib/gcc/avr/4.5.1/avr4\libgcc.a(_copy_data.o)
 .text          0x00000b2c        0x0 c:/program files/atmel/avr tools/avr toolchain/bin/../lib/gcc/avr/4.5.1/avr4\libgcc.a(_clear_bss.o)
 .text          0x00000b2c        0x0 c:/program files/atmel/avr tools/avr toolchain/bin/../lib/gcc/avr/4.5.1/../../../../avr/lib/avr4\libc.a(eerd_block_atmega8.o)
 .text          0x00000b2c        0x0 c:/program files/atmel/avr tools/avr toolchain/bin/../lib/gcc/avr/4.5.1/../../../../avr/lib/avr4\libc.a(eewr_block_atmega8.o)
 .text          0x00000b2c        0x0 c:/program files/atmel/avr tools/avr toolchain/bin/../lib/gcc/avr/4.5.1/../../../../avr/lib/avr4\libc.a(eewr_byte_atmega8.o)
                0x00000b2c                . = ALIGN (0x2)
 *(.text.*)
 .text.libgcc   0x00000b2c        0x0 c:/program files/atmel/avr tools/avr toolchain/bin/../lib/gcc/avr/4.5.1/avr4\libgcc.a(_exit.o)
 .text.libgcc   0x00000b2c        0x0 c:/program files/atmel/avr tools/avr toolchain/bin/../lib/gcc/avr/4.5.1/avr4\libgcc.a(_copy_data.o)
 .text.libgcc   0x00000b2c        0x0 c:/program files/atmel/avr tools/avr toolchain/bin/../lib/gcc/avr/4.5.1/avr4\libgcc.a(_clear_bss.o)
 .text.avr-libc
                0x00000b2c       0x20 c:/program files/atmel/avr tools/avr toolchain/bin/../lib/gcc/avr/4.5.1/../../../../avr/lib/avr4\libc.a(eerd_block_atmega8.o)
                0x00000b2c                __eerd_block_m8
                0x00000b30                __eerd_blraw_m8
 .text.avr-libc
                0x00000b4c       0x12 c:/program files/atmel/avr tools/avr toolchain/bin/../lib/gcc/avr/4.5.1/../../../../avr/lib/avr4\libc.a(eewr_block_atmega8.o)
                0x00000b4c                __eewr_block_m8
 .text.avr-libc
                0x00000b5e       0x1a c:/program files/atmel/avr tools/avr toolchain/bin/../lib/gcc/avr/4.5.1/../../../../avr/lib/avr4\libc.a(eewr_byte_atmega8.o)
                0x00000b5e                __eewr_byte_m8
                0x00000b60                __eewr_r18_m8
                0x00000b78                . = ALIGN (0x2)
 *(.fini9)
 .fini9         0x00000b78        0x0 c:/program files/atmel/avr tools/avr toolchain/bin/../lib/gcc/avr/4.5.1/avr4\libgcc.a(_exit.o)
                0x00000b78                _exit
                0x00000b78                exit
 *(.fini9)
 *(.fini8)
 *(.fini8)
 *(.fini7)
 *(.fini7)
 *(.fini6)
 *(.fini6)
 *(.fini5)
 *(.fini5)
 *(.fini4)
 *(.fini4)
 *(.fini3)
 *(.fini3)
 *(.fini2)
 *(.fini2)
 *(.fini1)
 *(.fini1)
 *(.fini0)
 .fini0         0x00000b78        0x4 c:/program files/atmel/avr tools/avr toolchain/bin/../lib/gcc/avr/4.5.1/avr4\libgcc.a(_exit.o)
 *(.fini0)
                0x00000b7c                _etext = .

.data           0x00800060       0xaa load address 0x00000b7c
                0x00800060                PROVIDE (__data_start, .)
 *(.data)
 .data          0x00800060        0x0 c:/program files/atmel/avr tools/avr toolchain/bin/../lib/gcc/avr/4.5.1/../../../../avr/lib/avr4/crtm8.o
 .data          0x00800060        0x0 eepromworker.o
 .data          0x00800060        0x2 leds.o
                0x00800060                led_pins
 .data          0x00800062       0x25 main.o
 .data          0x00800087        0x8 nock_machine.o
 .data          0x0080008f        0x0 softtimer.o
 .data          0x0080008f        0x0 uart_logger.o
 .data          0x0080008f       0x7b rf73_spi.o
                0x0080008f                Bank1_Reg0_13
                0x008000c7                Bank1_Reg14
                0x008000d2                Bank0_Reg
                0x00800100                RX0_Address
                0x00800105                RX1_Address
 .data          0x0080010a        0x0 c:/program files/atmel/avr tools/avr toolchain/bin/../lib/gcc/avr/4.5.1/avr4\libgcc.a(_exit.o)
 .data          0x0080010a        0x0 c:/program files/atmel/avr tools/avr toolchain/bin/../lib/gcc/avr/4.5.1/avr4\libgcc.a(_copy_data.o)
 .data          0x0080010a        0x0 c:/program files/atmel/avr tools/avr toolchain/bin/../lib/gcc/avr/4.5.1/avr4\libgcc.a(_clear_bss.o)
 .data          0x0080010a        0x0 c:/program files/atmel/avr tools/avr toolchain/bin/../lib/gcc/avr/4.5.1/../../../../avr/lib/avr4\libc.a(eerd_block_atmega8.o)
 .data          0x0080010a        0x0 c:/program files/atmel/avr tools/avr toolchain/bin/../lib/gcc/avr/4.5.1/../../../../avr/lib/avr4\libc.a(eewr_block_atmega8.o)
 .data          0x0080010a        0x0 c:/program files/atmel/avr tools/avr toolchain/bin/../lib/gcc/avr/4.5.1/../../../../avr/lib/avr4\libc.a(eewr_byte_atmega8.o)
 *(.data*)
 *(.rodata)
 *(.rodata*)
 *(.gnu.linkonce.d*)
                0x0080010a                . = ALIGN (0x2)
                0x0080010a                _edata = .
                0x0080010a                PROVIDE (__data_end, .)

.bss            0x0080010a      0x19f
                0x0080010a                PROVIDE (__bss_start, .)
 *(.bss)
 .bss           0x0080010a        0x0 c:/program files/atmel/avr tools/avr toolchain/bin/../lib/gcc/avr/4.5.1/../../../../avr/lib/avr4/crtm8.o
 .bss           0x0080010a        0x0 eepromworker.o
 .bss           0x0080010a        0x0 leds.o
 .bss           0x0080010a        0x0 main.o
 .bss           0x0080010a       0x43 nock_machine.o
 .bss           0x0080014d        0x0 softtimer.o
 .bss           0x0080014d        0x1 uart_logger.o
                0x0080014d                rx_counter
 .bss           0x0080014e        0x0 rf73_spi.o
 .bss           0x0080014e        0x0 c:/program files/atmel/avr tools/avr toolchain/bin/../lib/gcc/avr/4.5.1/avr4\libgcc.a(_exit.o)
 .bss           0x0080014e        0x0 c:/program files/atmel/avr tools/avr toolchain/bin/../lib/gcc/avr/4.5.1/avr4\libgcc.a(_copy_data.o)
 .bss           0x0080014e        0x0 c:/program files/atmel/avr tools/avr toolchain/bin/../lib/gcc/avr/4.5.1/avr4\libgcc.a(_clear_bss.o)
 .bss           0x0080014e        0x0 c:/program files/atmel/avr tools/avr toolchain/bin/../lib/gcc/avr/4.5.1/../../../../avr/lib/avr4\libc.a(eerd_block_atmega8.o)
 .bss           0x0080014e        0x0 c:/program files/atmel/avr tools/avr toolchain/bin/../lib/gcc/avr/4.5.1/../../../../avr/lib/avr4\libc.a(eewr_block_atmega8.o)
 .bss           0x0080014e        0x0 c:/program files/atmel/avr tools/avr toolchain/bin/../lib/gcc/avr/4.5.1/../../../../avr/lib/avr4\libc.a(eewr_byte_atmega8.o)
 *(.bss*)
 *(COMMON)
 COMMON         0x0080014e       0xbc nock_machine.o
                0x0080014e                g_nocks
                0x00800205                g_flags
 COMMON         0x0080020a       0x1e softtimer.o
                0x0080020a                g_timer
 COMMON         0x00800228       0x80 uart_logger.o
                0x00800228                rx_buffer
 COMMON         0x008002a8        0x1 rf73_spi.o
                0x008002a8                op_status
                0x008002a9                PROVIDE (__bss_end, .)
                0x00000b7c                __data_load_start = LOADADDR (.data)
                0x00000c26                __data_load_end = (__data_load_start + SIZEOF (.data))

.noinit         0x008002a9        0x0
                0x008002a9                PROVIDE (__noinit_start, .)
 *(.noinit*)
                0x008002a9                PROVIDE (__noinit_end, .)
                0x008002a9                _end = .
                0x008002a9                PROVIDE (__heap_start, .)

.eeprom         0x00810000        0x0
 *(.eeprom*)
                0x00810000                __eeprom_end = .

.fuse
 *(.fuse)
 *(.lfuse)
 *(.hfuse)
 *(.efuse)

.lock
 *(.lock*)

.signature
 *(.signature*)

.stab           0x00000000      0x948
 *(.stab)
 .stab          0x00000000      0x6cc c:/program files/atmel/avr tools/avr toolchain/bin/../lib/gcc/avr/4.5.1/../../../../avr/lib/avr4/crtm8.o
 .stab          0x000006cc      0x108 c:/program files/atmel/avr tools/avr toolchain/bin/../lib/gcc/avr/4.5.1/../../../../avr/lib/avr4\libc.a(eerd_block_atmega8.o)
                                0x114 (size before relaxing)
 .stab          0x000007d4       0x9c c:/program files/atmel/avr tools/avr toolchain/bin/../lib/gcc/avr/4.5.1/../../../../avr/lib/avr4\libc.a(eewr_block_atmega8.o)
                                 0xa8 (size before relaxing)
 .stab          0x00000870       0xd8 c:/program files/atmel/avr tools/avr toolchain/bin/../lib/gcc/avr/4.5.1/../../../../avr/lib/avr4\libc.a(eewr_byte_atmega8.o)
                                 0xe4 (size before relaxing)

.stabstr        0x00000000      0x1b0
 *(.stabstr)
 .stabstr       0x00000000      0x1b0 c:/program files/atmel/avr tools/avr toolchain/bin/../lib/gcc/avr/4.5.1/../../../../avr/lib/avr4/crtm8.o

.stab.excl
 *(.stab.excl)

.stab.exclstr
 *(.stab.exclstr)

.stab.index
 *(.stab.index)

.stab.indexstr
 *(.stab.indexstr)

.comment
 *(.comment)

.debug
 *(.debug)

.line
 *(.line)

.debug_srcinfo
 *(.debug_srcinfo)

.debug_sfnames
 *(.debug_sfnames)

.debug_aranges  0x00000000       0xe0
 *(.debug_aranges)
 .debug_aranges
                0x00000000       0x20 eepromworker.o
 .debug_aranges
                0x00000020       0x20 leds.o
 .debug_aranges
                0x00000040       0x20 main.o
 .debug_aranges
                0x00000060       0x20 nock_machine.o
 .debug_aranges
                0x00000080       0x20 softtimer.o
 .debug_aranges
                0x000000a0       0x20 uart_logger.o
 .debug_aranges
                0x000000c0       0x20 rf73_spi.o

.debug_pubnames
                0x00000000      0x440
 *(.debug_pubnames)
 .debug_pubnames
                0x00000000       0x55 eepromworker.o
 .debug_pubnames
                0x00000055       0x4e leds.o
 .debug_pubnames
                0x000000a3       0x1b main.o
 .debug_pubnames
                0x000000be       0xcd nock_machine.o
 .debug_pubnames
                0x0000018b       0x85 softtimer.o
 .debug_pubnames
                0x00000210       0xca uart_logger.o
 .debug_pubnames
                0x000002da      0x166 rf73_spi.o

.debug_info     0x00000000     0x17e1
 *(.debug_info)
 .debug_info    0x00000000      0x16c eepromworker.o
 .debug_info    0x0000016c      0x169 leds.o
 .debug_info    0x000002d5      0x1f7 main.o
 .debug_info    0x000004cc      0x6f5 nock_machine.o
 .debug_info    0x00000bc1      0x2a1 softtimer.o
 .debug_info    0x00000e62      0x29d uart_logger.o
 .debug_info    0x000010ff      0x6e2 rf73_spi.o
 *(.gnu.linkonce.wi.*)

.debug_abbrev   0x00000000      0xa4b
 *(.debug_abbrev)
 .debug_abbrev  0x00000000       0x9f eepromworker.o
 .debug_abbrev  0x0000009f       0xd4 leds.o
 .debug_abbrev  0x00000173      0x14a main.o
 .debug_abbrev  0x000002bd      0x240 nock_machine.o
 .debug_abbrev  0x000004fd      0x18f softtimer.o
 .debug_abbrev  0x0000068c      0x15d uart_logger.o
 .debug_abbrev  0x000007e9      0x262 rf73_spi.o

.debug_line     0x00000000     0x12f5
 *(.debug_line)
 .debug_line    0x00000000       0xd3 eepromworker.o
 .debug_line    0x000000d3      0x139 leds.o
 .debug_line    0x0000020c      0x1ba main.o
 .debug_line    0x000003c6      0x50e nock_machine.o
 .debug_line    0x000008d4      0x21a softtimer.o
 .debug_line    0x00000aee      0x294 uart_logger.o
 .debug_line    0x00000d82      0x573 rf73_spi.o

.debug_frame    0x00000000      0x350
 *(.debug_frame)
 .debug_frame   0x00000000       0x50 eepromworker.o
 .debug_frame   0x00000050       0x50 leds.o
 .debug_frame   0x000000a0       0x20 main.o
 .debug_frame   0x000000c0       0xa0 nock_machine.o
 .debug_frame   0x00000160       0x70 softtimer.o
 .debug_frame   0x000001d0       0x90 uart_logger.o
 .debug_frame   0x00000260       0xf0 rf73_spi.o

.debug_str      0x00000000      0x7bf
 *(.debug_str)
 .debug_str     0x00000000       0xe3 eepromworker.o
                                0x123 (size before relaxing)
 .debug_str     0x000000e3       0x65 leds.o
                                0x128 (size before relaxing)
 .debug_str     0x00000148       0xc2 main.o
                                0x185 (size before relaxing)
 .debug_str     0x0000020a      0x295 nock_machine.o
                                0x41a (size before relaxing)
 .debug_str     0x0000049f       0xe7 softtimer.o
                                0x24a (size before relaxing)
 .debug_str     0x00000586       0xcd uart_logger.o
                                0x1b1 (size before relaxing)
 .debug_str     0x00000653      0x16c rf73_spi.o
                                0x2b2 (size before relaxing)

.debug_loc      0x00000000      0xc62
 *(.debug_loc)
 .debug_loc     0x00000000      0x189 eepromworker.o
 .debug_loc     0x00000189       0x65 leds.o
 .debug_loc     0x000001ee       0x14 main.o
 .debug_loc     0x00000202      0x303 nock_machine.o
 .debug_loc     0x00000505       0x61 softtimer.o
 .debug_loc     0x00000566      0x17f uart_logger.o
 .debug_loc     0x000006e5      0x57d rf73_spi.o

.debug_macinfo
 *(.debug_macinfo)
OUTPUT(nock_box.elf elf32-avr)
LOAD linker stubs

.debug_pubtypes
                0x00000000      0x15d
 .debug_pubtypes
                0x00000000       0x12 eepromworker.o
 .debug_pubtypes
                0x00000012       0x2b leds.o
 .debug_pubtypes
                0x0000003d       0x38 main.o
 .debug_pubtypes
                0x00000075       0x4d nock_machine.o
 .debug_pubtypes
                0x000000c2       0x45 softtimer.o
 .debug_pubtypes
                0x00000107       0x1e uart_logger.o
 .debug_pubtypes
                0x00000125       0x38 rf73_spi.o

.debug_ranges   0x00000000       0x30
 .debug_ranges  0x00000000       0x18 nock_machine.o
 .debug_ranges  0x00000018       0x18 uart_logger.o
