Archive member included because of file (symbol)

c:/program files/atmel/avr tools/avr toolchain/bin/../lib/gcc/avr/4.5.1/avr4\libgcc.a(_exit.o)
                              c:/program files/atmel/avr tools/avr toolchain/bin/../lib/gcc/avr/4.5.1/../../../../avr/lib/avr4/crtm8.o (exit)
c:/program files/atmel/avr tools/avr toolchain/bin/../lib/gcc/avr/4.5.1/avr4\libgcc.a(_copy_data.o)
                              buttons.o (__do_copy_data)
c:/program files/atmel/avr tools/avr toolchain/bin/../lib/gcc/avr/4.5.1/avr4\libgcc.a(_clear_bss.o)
                              nock_machine.o (__do_clear_bss)
c:/program files/atmel/avr tools/avr toolchain/bin/../lib/gcc/avr/4.5.1/../../../../avr/lib/avr4\libc.a(eerd_block_atmega8.o)
                              eepromworker.o (__eerd_block_m8)
c:/program files/atmel/avr tools/avr toolchain/bin/../lib/gcc/avr/4.5.1/../../../../avr/lib/avr4\libc.a(eewr_block_atmega8.o)
                              eepromworker.o (__eewr_block_m8)
c:/program files/atmel/avr tools/avr toolchain/bin/../lib/gcc/avr/4.5.1/../../../../avr/lib/avr4\libc.a(eewr_byte_atmega8.o)
                              c:/program files/atmel/avr tools/avr toolchain/bin/../lib/gcc/avr/4.5.1/../../../../avr/lib/avr4\libc.a(eewr_block_atmega8.o) (__eewr_r18_m8)

Allocating common symbols
Common symbol       size              file

g_nocks             0xb7              nock_machine.o
g_flags             0x5               nock_machine.o
rx_buffer           0x80              uart_logger.o
g_timer             0x1e              softtimer.o
op_status           0x1               rf73_spi.o

Memory Configuration

Name             Origin             Length             Attributes
text             0x00000000         0x00002000         xr
data             0x00800060         0x0000ffa0         rw !x
eeprom           0x00810000         0x00010000         rw !x
fuse             0x00820000         0x00000400         rw !x
lock             0x00830000         0x00000400         rw !x
signature        0x00840000         0x00000400         rw !x
*default*        0x00000000         0xffffffff

Linker script and memory map

LOAD c:/program files/atmel/avr tools/avr toolchain/bin/../lib/gcc/avr/4.5.1/../../../../avr/lib/avr4/crtm8.o
LOAD buttons.o
LOAD eepromworker.o
LOAD leds.o
LOAD main.o
LOAD my_ext_irq.o
LOAD nock_machine.o
LOAD softtimer.o
LOAD uart_logger.o
LOAD colibrator.o
LOAD send_machine.o
LOAD rf73_spi.o
LOAD c:/program files/atmel/avr tools/avr toolchain/bin/../lib/gcc/avr/4.5.1/avr4\libgcc.a
LOAD c:/program files/atmel/avr tools/avr toolchain/bin/../lib/gcc/avr/4.5.1/../../../../avr/lib/avr4\libc.a
LOAD c:/program files/atmel/avr tools/avr toolchain/bin/../lib/gcc/avr/4.5.1/avr4\libgcc.a

.hash
 *(.hash)

.dynsym
 *(.dynsym)

.dynstr
 *(.dynstr)

.gnu.version
 *(.gnu.version)

.gnu.version_d
 *(.gnu.version_d)

.gnu.version_r
 *(.gnu.version_r)

.rel.init
 *(.rel.init)

.rela.init
 *(.rela.init)

.rel.text
 *(.rel.text)
 *(.rel.text.*)
 *(.rel.gnu.linkonce.t*)

.rela.text
 *(.rela.text)
 *(.rela.text.*)
 *(.rela.gnu.linkonce.t*)

.rel.fini
 *(.rel.fini)

.rela.fini
 *(.rela.fini)

.rel.rodata
 *(.rel.rodata)
 *(.rel.rodata.*)
 *(.rel.gnu.linkonce.r*)

.rela.rodata
 *(.rela.rodata)
 *(.rela.rodata.*)
 *(.rela.gnu.linkonce.r*)

.rel.data
 *(.rel.data)
 *(.rel.data.*)
 *(.rel.gnu.linkonce.d*)

.rela.data
 *(.rela.data)
 *(.rela.data.*)
 *(.rela.gnu.linkonce.d*)

.rel.ctors
 *(.rel.ctors)

.rela.ctors
 *(.rela.ctors)

.rel.dtors
 *(.rel.dtors)

.rela.dtors
 *(.rela.dtors)

.rel.got
 *(.rel.got)

.rela.got
 *(.rela.got)

.rel.bss
 *(.rel.bss)

.rela.bss
 *(.rela.bss)

.rel.plt
 *(.rel.plt)

.rela.plt
 *(.rela.plt)

.text           0x00000000     0x101c
 *(.vectors)
 .vectors       0x00000000       0x26 c:/program files/atmel/avr tools/avr toolchain/bin/../lib/gcc/avr/4.5.1/../../../../avr/lib/avr4/crtm8.o
                0x00000000                __vector_default
                0x00000000                __vectors
 *(.vectors)
 *(.progmem.gcc*)
 .progmem.gcc_sw_table
                0x00000026       0x10 nock_machine.o
 *(.progmem*)
                0x00000036                . = ALIGN (0x2)
                0x00000036                __trampolines_start = .
 *(.trampolines)
 .trampolines   0x00000036        0x0 linker stubs
 *(.trampolines*)
                0x00000036                __trampolines_end = .
 *(.jumptables)
 *(.jumptables*)
 *(.lowtext)
 *(.lowtext*)
                0x00000036                __ctors_start = .
 *(.ctors)
                0x00000036                __ctors_end = .
                0x00000036                __dtors_start = .
 *(.dtors)
                0x00000036                __dtors_end = .
 SORT(*)(.ctors)
 SORT(*)(.dtors)
 *(.init0)
 .init0         0x00000036        0x0 c:/program files/atmel/avr tools/avr toolchain/bin/../lib/gcc/avr/4.5.1/../../../../avr/lib/avr4/crtm8.o
                0x00000036                __init
 *(.init0)
 *(.init1)
 *(.init1)
 *(.init2)
 .init2         0x00000036        0xc c:/program files/atmel/avr tools/avr toolchain/bin/../lib/gcc/avr/4.5.1/../../../../avr/lib/avr4/crtm8.o
 *(.init2)
 *(.init3)
 *(.init3)
 *(.init4)
 .init4         0x00000042       0x16 c:/program files/atmel/avr tools/avr toolchain/bin/../lib/gcc/avr/4.5.1/avr4\libgcc.a(_copy_data.o)
                0x00000042                __do_copy_data
 .init4         0x00000058       0x10 c:/program files/atmel/avr tools/avr toolchain/bin/../lib/gcc/avr/4.5.1/avr4\libgcc.a(_clear_bss.o)
                0x00000058                __do_clear_bss
 *(.init4)
 *(.init5)
 *(.init5)
 *(.init6)
 *(.init6)
 *(.init7)
 *(.init7)
 *(.init8)
 *(.init8)
 *(.init9)
 .init9         0x00000068        0x4 c:/program files/atmel/avr tools/avr toolchain/bin/../lib/gcc/avr/4.5.1/../../../../avr/lib/avr4/crtm8.o
 *(.init9)
 *(.text)
 .text          0x0000006c        0x2 c:/program files/atmel/avr tools/avr toolchain/bin/../lib/gcc/avr/4.5.1/../../../../avr/lib/avr4/crtm8.o
                0x0000006c                __vector_1
                0x0000006c                __vector_12
                0x0000006c                __bad_interrupt
                0x0000006c                __vector_6
                0x0000006c                __vector_3
                0x0000006c                __vector_13
                0x0000006c                __vector_17
                0x0000006c                __vector_7
                0x0000006c                __vector_5
                0x0000006c                __vector_4
                0x0000006c                __vector_9
                0x0000006c                __vector_2
                0x0000006c                __vector_15
                0x0000006c                __vector_10
                0x0000006c                __vector_16
                0x0000006c                __vector_18
 .text          0x0000006e       0x84 buttons.o
                0x0000006e                buttonsInit
                0x000000d2                buttonIsPressed
 .text          0x000000f2       0x78 eepromworker.o
                0x000000f2                eepromInit
                0x000000f4                eepromWrite
                0x00000100                eepromRead
                0x0000010c                eepromReadToMark
 .text          0x0000016a       0xa6 leds.o
                0x0000016a                ledInit
                0x000001ae                ledOn
                0x000001ce                ledOff
                0x000001f0                ledTaggle
 .text          0x00000210       0x44 main.o
                0x00000210                main
 .text          0x00000254       0xc0 my_ext_irq.o
                0x00000254                setNextSence
                0x0000027a                setFixedSence
                0x0000028c                initMyExtIRQ
                0x000002ba                __vector_14
 .text          0x00000314      0x400 nock_machine.o
                0x00000314                getNock
                0x00000330                initGVals
                0x0000038c                changeFlag
                0x00000398                getFlag
                0x000003a4                processWaitNoise
                0x000003f2                processCheckNock
                0x00000444                nockReadFromEEPROM
                0x0000046e                initNockMachine
                0x00000478                nockWriteToEEPROM
                0x0000049a                nockMachine_2
                0x000005ee                userNewNockCommandMachine_1
                0x00000630                doorSignalMachine_4
 .text          0x00000714      0x13e softtimer.o
                0x00000714                initHardWareTimer
                0x0000072a                timerSet
                0x0000074c                timerIsElapsed
                0x00000774                timerGetCurrent
                0x00000790                timerInit
                0x000007bc                __vector_8
 .text          0x00000852      0x132 uart_logger.o
                0x00000852                GPIO_Configuration
                0x00000856                USART_Configuration
                0x00000868                loggerInit
                0x0000086e                loggerWrite
                0x00000882                loggerWriteByteInBit
                0x000008e4                loggerWriteToMarker
                0x000008fa                __vector_11
                0x0000093e                getData
 .text          0x00000984       0xbc colibrator.o
                0x00000984                colibrateDetector
 .text          0x00000a40      0x1f2 send_machine.o
                0x00000a40                initSendMachine
                0x00000a4c                processWait
                0x00000a84                sendMachine_3
 .text          0x00000c32      0x39a rf73_spi.o
                0x00000c32                Init_Spi
                0x00000c42                ReadWrite_Spi
                0x00000c4c                SPI_Write_Reg
                0x00000c70                SPI_Read_Reg
                0x00000c80                SPI_Read_Buf
                0x00000cca                SPI_Write_Buf
                0x00000d16                SwitchToRxMode
                0x00000d38                SwitchToTxMode
                0x00000d50                SwitchCFG
                0x00000d70                SetChannelNum
                0x00000d78                RFM73_Initialize
                0x00000f26                RFM73_SetPower
                0x00000f36                Send_Packet
                0x00000f80                Receive_Packet
 .text          0x00000fcc        0x0 c:/program files/atmel/avr tools/avr toolchain/bin/../lib/gcc/avr/4.5.1/avr4\libgcc.a(_exit.o)
 .text          0x00000fcc        0x0 c:/program files/atmel/avr tools/avr toolchain/bin/../lib/gcc/avr/4.5.1/avr4\libgcc.a(_copy_data.o)
 .text          0x00000fcc        0x0 c:/program files/atmel/avr tools/avr toolchain/bin/../lib/gcc/avr/4.5.1/avr4\libgcc.a(_clear_bss.o)
 .text          0x00000fcc        0x0 c:/program files/atmel/avr tools/avr toolchain/bin/../lib/gcc/avr/4.5.1/../../../../avr/lib/avr4\libc.a(eerd_block_atmega8.o)
 .text          0x00000fcc        0x0 c:/program files/atmel/avr tools/avr toolchain/bin/../lib/gcc/avr/4.5.1/../../../../avr/lib/avr4\libc.a(eewr_block_atmega8.o)
 .text          0x00000fcc        0x0 c:/program files/atmel/avr tools/avr toolchain/bin/../lib/gcc/avr/4.5.1/../../../../avr/lib/avr4\libc.a(eewr_byte_atmega8.o)
                0x00000fcc                . = ALIGN (0x2)
 *(.text.*)
 .text.libgcc   0x00000fcc        0x0 c:/program files/atmel/avr tools/avr toolchain/bin/../lib/gcc/avr/4.5.1/avr4\libgcc.a(_exit.o)
 .text.libgcc   0x00000fcc        0x0 c:/program files/atmel/avr tools/avr toolchain/bin/../lib/gcc/avr/4.5.1/avr4\libgcc.a(_copy_data.o)
 .text.libgcc   0x00000fcc        0x0 c:/program files/atmel/avr tools/avr toolchain/bin/../lib/gcc/avr/4.5.1/avr4\libgcc.a(_clear_bss.o)
 .text.avr-libc
                0x00000fcc       0x20 c:/program files/atmel/avr tools/avr toolchain/bin/../lib/gcc/avr/4.5.1/../../../../avr/lib/avr4\libc.a(eerd_block_atmega8.o)
                0x00000fcc                __eerd_block_m8
                0x00000fd0                __eerd_blraw_m8
 .text.avr-libc
                0x00000fec       0x12 c:/program files/atmel/avr tools/avr toolchain/bin/../lib/gcc/avr/4.5.1/../../../../avr/lib/avr4\libc.a(eewr_block_atmega8.o)
                0x00000fec                __eewr_block_m8
 .text.avr-libc
                0x00000ffe       0x1a c:/program files/atmel/avr tools/avr toolchain/bin/../lib/gcc/avr/4.5.1/../../../../avr/lib/avr4\libc.a(eewr_byte_atmega8.o)
                0x00000ffe                __eewr_byte_m8
                0x00001000                __eewr_r18_m8
                0x00001018                . = ALIGN (0x2)
 *(.fini9)
 .fini9         0x00001018        0x0 c:/program files/atmel/avr tools/avr toolchain/bin/../lib/gcc/avr/4.5.1/avr4\libgcc.a(_exit.o)
                0x00001018                _exit
                0x00001018                exit
 *(.fini9)
 *(.fini8)
 *(.fini8)
 *(.fini7)
 *(.fini7)
 *(.fini6)
 *(.fini6)
 *(.fini5)
 *(.fini5)
 *(.fini4)
 *(.fini4)
 *(.fini3)
 *(.fini3)
 *(.fini2)
 *(.fini2)
 *(.fini1)
 *(.fini1)
 *(.fini0)
 .fini0         0x00001018        0x4 c:/program files/atmel/avr tools/avr toolchain/bin/../lib/gcc/avr/4.5.1/avr4\libgcc.a(_exit.o)
 *(.fini0)
                0x0000101c                _etext = .

.data           0x00800060      0x14a load address 0x0000101c
                0x00800060                PROVIDE (__data_start, .)
 *(.data)
 .data          0x00800060        0x0 c:/program files/atmel/avr tools/avr toolchain/bin/../lib/gcc/avr/4.5.1/../../../../avr/lib/avr4/crtm8.o
 .data          0x00800060        0x2 buttons.o
                0x00800060                button_pins
 .data          0x00800062        0x0 eepromworker.o
 .data          0x00800062        0x4 leds.o
                0x00800062                led_pins
 .data          0x00800066       0x55 main.o
 .data          0x008000bb        0x1 my_ext_irq.o
                0x008000bb                sence
 .data          0x008000bc       0x28 nock_machine.o
 .data          0x008000e4        0x0 softtimer.o
 .data          0x008000e4        0x0 uart_logger.o
 .data          0x008000e4        0x0 colibrator.o
 .data          0x008000e4       0x4a send_machine.o
 .data          0x0080012e       0x7b rf73_spi.o
                0x0080012e                Bank1_Reg0_13
                0x00800166                Bank1_Reg14
                0x00800171                Bank0_Reg
                0x0080019f                RX0_Address
                0x008001a4                RX1_Address
 .data          0x008001a9        0x0 c:/program files/atmel/avr tools/avr toolchain/bin/../lib/gcc/avr/4.5.1/avr4\libgcc.a(_exit.o)
 .data          0x008001a9        0x0 c:/program files/atmel/avr tools/avr toolchain/bin/../lib/gcc/avr/4.5.1/avr4\libgcc.a(_copy_data.o)
 .data          0x008001a9        0x0 c:/program files/atmel/avr tools/avr toolchain/bin/../lib/gcc/avr/4.5.1/avr4\libgcc.a(_clear_bss.o)
 .data          0x008001a9        0x0 c:/program files/atmel/avr tools/avr toolchain/bin/../lib/gcc/avr/4.5.1/../../../../avr/lib/avr4\libc.a(eerd_block_atmega8.o)
 .data          0x008001a9        0x0 c:/program files/atmel/avr tools/avr toolchain/bin/../lib/gcc/avr/4.5.1/../../../../avr/lib/avr4\libc.a(eewr_block_atmega8.o)
 .data          0x008001a9        0x0 c:/program files/atmel/avr tools/avr toolchain/bin/../lib/gcc/avr/4.5.1/../../../../avr/lib/avr4\libc.a(eewr_byte_atmega8.o)
 *(.data*)
 *(.rodata)
 *(.rodata*)
 *(.gnu.linkonce.d*)
                0x008001aa                . = ALIGN (0x2)
 *fill*         0x008001a9        0x1 00
                0x008001aa                _edata = .
                0x008001aa                PROVIDE (__data_end, .)

.bss            0x008001aa      0x1a2
                0x008001aa                PROVIDE (__bss_start, .)
 *(.bss)
 .bss           0x008001aa        0x0 c:/program files/atmel/avr tools/avr toolchain/bin/../lib/gcc/avr/4.5.1/../../../../avr/lib/avr4/crtm8.o
 .bss           0x008001aa        0x0 buttons.o
 .bss           0x008001aa        0x0 eepromworker.o
 .bss           0x008001aa        0x0 leds.o
 .bss           0x008001aa        0x0 main.o
 .bss           0x008001aa        0x0 my_ext_irq.o
 .bss           0x008001aa        0x3 nock_machine.o
 .bss           0x008001ad        0x0 softtimer.o
 .bss           0x008001ad        0x1 uart_logger.o
                0x008001ad                rx_counter
 .bss           0x008001ae        0x1 colibrator.o
 .bss           0x008001af       0x42 send_machine.o
 .bss           0x008001f1        0x0 rf73_spi.o
 .bss           0x008001f1        0x0 c:/program files/atmel/avr tools/avr toolchain/bin/../lib/gcc/avr/4.5.1/avr4\libgcc.a(_exit.o)
 .bss           0x008001f1        0x0 c:/program files/atmel/avr tools/avr toolchain/bin/../lib/gcc/avr/4.5.1/avr4\libgcc.a(_copy_data.o)
 .bss           0x008001f1        0x0 c:/program files/atmel/avr tools/avr toolchain/bin/../lib/gcc/avr/4.5.1/avr4\libgcc.a(_clear_bss.o)
 .bss           0x008001f1        0x0 c:/program files/atmel/avr tools/avr toolchain/bin/../lib/gcc/avr/4.5.1/../../../../avr/lib/avr4\libc.a(eerd_block_atmega8.o)
 .bss           0x008001f1        0x0 c:/program files/atmel/avr tools/avr toolchain/bin/../lib/gcc/avr/4.5.1/../../../../avr/lib/avr4\libc.a(eewr_block_atmega8.o)
 .bss           0x008001f1        0x0 c:/program files/atmel/avr tools/avr toolchain/bin/../lib/gcc/avr/4.5.1/../../../../avr/lib/avr4\libc.a(eewr_byte_atmega8.o)
 *(.bss*)
 *(COMMON)
 COMMON         0x008001f1       0xbc nock_machine.o
                0x008001f1                g_nocks
                0x008002a8                g_flags
 COMMON         0x008002ad       0x1e softtimer.o
                0x008002ad                g_timer
 COMMON         0x008002cb       0x80 uart_logger.o
                0x008002cb                rx_buffer
 COMMON         0x0080034b        0x1 rf73_spi.o
                0x0080034b                op_status
                0x0080034c                PROVIDE (__bss_end, .)
                0x0000101c                __data_load_start = LOADADDR (.data)
                0x00001166                __data_load_end = (__data_load_start + SIZEOF (.data))

.noinit         0x0080034c        0x0
                0x0080034c                PROVIDE (__noinit_start, .)
 *(.noinit*)
                0x0080034c                PROVIDE (__noinit_end, .)
                0x0080034c                _end = .
                0x0080034c                PROVIDE (__heap_start, .)

.eeprom         0x00810000        0x0
 *(.eeprom*)
                0x00810000                __eeprom_end = .

.fuse
 *(.fuse)
 *(.lfuse)
 *(.hfuse)
 *(.efuse)

.lock
 *(.lock*)

.signature
 *(.signature*)

.stab           0x00000000      0x948
 *(.stab)
 .stab          0x00000000      0x6cc c:/program files/atmel/avr tools/avr toolchain/bin/../lib/gcc/avr/4.5.1/../../../../avr/lib/avr4/crtm8.o
 .stab          0x000006cc      0x108 c:/program files/atmel/avr tools/avr toolchain/bin/../lib/gcc/avr/4.5.1/../../../../avr/lib/avr4\libc.a(eerd_block_atmega8.o)
                                0x114 (size before relaxing)
 .stab          0x000007d4       0x9c c:/program files/atmel/avr tools/avr toolchain/bin/../lib/gcc/avr/4.5.1/../../../../avr/lib/avr4\libc.a(eewr_block_atmega8.o)
                                 0xa8 (size before relaxing)
 .stab          0x00000870       0xd8 c:/program files/atmel/avr tools/avr toolchain/bin/../lib/gcc/avr/4.5.1/../../../../avr/lib/avr4\libc.a(eewr_byte_atmega8.o)
                                 0xe4 (size before relaxing)

.stabstr        0x00000000      0x1b0
 *(.stabstr)
 .stabstr       0x00000000      0x1b0 c:/program files/atmel/avr tools/avr toolchain/bin/../lib/gcc/avr/4.5.1/../../../../avr/lib/avr4/crtm8.o

.stab.excl
 *(.stab.excl)

.stab.exclstr
 *(.stab.exclstr)

.stab.index
 *(.stab.index)

.stab.indexstr
 *(.stab.indexstr)

.comment
 *(.comment)

.debug
 *(.debug)

.line
 *(.line)

.debug_srcinfo
 *(.debug_srcinfo)

.debug_sfnames
 *(.debug_sfnames)

.debug_aranges  0x00000000      0x160
 *(.debug_aranges)
 .debug_aranges
                0x00000000       0x20 buttons.o
 .debug_aranges
                0x00000020       0x20 eepromworker.o
 .debug_aranges
                0x00000040       0x20 leds.o
 .debug_aranges
                0x00000060       0x20 main.o
 .debug_aranges
                0x00000080       0x20 my_ext_irq.o
 .debug_aranges
                0x000000a0       0x20 nock_machine.o
 .debug_aranges
                0x000000c0       0x20 softtimer.o
 .debug_aranges
                0x000000e0       0x20 uart_logger.o
 .debug_aranges
                0x00000100       0x20 colibrator.o
 .debug_aranges
                0x00000120       0x20 send_machine.o
 .debug_aranges
                0x00000140       0x20 rf73_spi.o

.debug_pubnames
                0x00000000      0x59d
 *(.debug_pubnames)
 .debug_pubnames
                0x00000000       0x46 buttons.o
 .debug_pubnames
                0x00000046       0x55 eepromworker.o
 .debug_pubnames
                0x0000009b       0x4e leds.o
 .debug_pubnames
                0x000000e9       0x1b main.o
 .debug_pubnames
                0x00000104       0x60 my_ext_irq.o
 .debug_pubnames
                0x00000164      0x114 nock_machine.o
 .debug_pubnames
                0x00000278       0x85 softtimer.o
 .debug_pubnames
                0x000002fd       0xca uart_logger.o
 .debug_pubnames
                0x000003c7       0x28 colibrator.o
 .debug_pubnames
                0x000003ef       0x48 send_machine.o
 .debug_pubnames
                0x00000437      0x166 rf73_spi.o

.debug_info     0x00000000     0x1cb2
 *(.debug_info)
 .debug_info    0x00000000      0x161 buttons.o
 .debug_info    0x00000161      0x16c eepromworker.o
 .debug_info    0x000002cd      0x175 leds.o
 .debug_info    0x00000442       0xe6 main.o
 .debug_info    0x00000528      0x190 my_ext_irq.o
 .debug_info    0x000006b8      0x47e nock_machine.o
 .debug_info    0x00000b36      0x2a1 softtimer.o
 .debug_info    0x00000dd7      0x29d uart_logger.o
 .debug_info    0x00001074      0x29b colibrator.o
 .debug_info    0x0000130f      0x2bf send_machine.o
 .debug_info    0x000015ce      0x6e4 rf73_spi.o
 *(.gnu.linkonce.wi.*)

.debug_abbrev   0x00000000      0xd83
 *(.debug_abbrev)
 .debug_abbrev  0x00000000      0x106 buttons.o
 .debug_abbrev  0x00000106       0x9f eepromworker.o
 .debug_abbrev  0x000001a5       0xd4 leds.o
 .debug_abbrev  0x00000279       0x95 main.o
 .debug_abbrev  0x0000030e       0xcd my_ext_irq.o
 .debug_abbrev  0x000003db      0x1e7 nock_machine.o
 .debug_abbrev  0x000005c2      0x18f softtimer.o
 .debug_abbrev  0x00000751      0x15d uart_logger.o
 .debug_abbrev  0x000008ae      0x13f colibrator.o
 .debug_abbrev  0x000009ed      0x13d send_machine.o
 .debug_abbrev  0x00000b2a      0x259 rf73_spi.o

.debug_line     0x00000000     0x1a4c
 *(.debug_line)
 .debug_line    0x00000000      0x122 buttons.o
 .debug_line    0x00000122       0xd3 eepromworker.o
 .debug_line    0x000001f5      0x141 leds.o
 .debug_line    0x00000336      0x10c main.o
 .debug_line    0x00000442      0x1b4 my_ext_irq.o
 .debug_line    0x000005f6      0x551 nock_machine.o
 .debug_line    0x00000b47      0x21a softtimer.o
 .debug_line    0x00000d61      0x294 uart_logger.o
 .debug_line    0x00000ff5      0x281 colibrator.o
 .debug_line    0x00001276      0x263 send_machine.o
 .debug_line    0x000014d9      0x573 rf73_spi.o

.debug_frame    0x00000000      0x460
 *(.debug_frame)
 .debug_frame   0x00000000       0x30 buttons.o
 .debug_frame   0x00000030       0x50 eepromworker.o
 .debug_frame   0x00000080       0x50 leds.o
 .debug_frame   0x000000d0       0x20 main.o
 .debug_frame   0x000000f0       0x50 my_ext_irq.o
 .debug_frame   0x00000140       0xd0 nock_machine.o
 .debug_frame   0x00000210       0x70 softtimer.o
 .debug_frame   0x00000280       0x90 uart_logger.o
 .debug_frame   0x00000310       0x20 colibrator.o
 .debug_frame   0x00000330       0x40 send_machine.o
 .debug_frame   0x00000370       0xf0 rf73_spi.o

.debug_str      0x00000000      0x991
 *(.debug_str)
 .debug_str     0x00000000      0x137 buttons.o
                                0x170 (size before relaxing)
 .debug_str     0x00000137       0x54 eepromworker.o
                                0x13a (size before relaxing)
 .debug_str     0x0000018b       0x71 leds.o
                                0x153 (size before relaxing)
 .debug_str     0x000001fc       0x2b main.o
                                0x149 (size before relaxing)
 .debug_str     0x00000227      0x117 my_ext_irq.o
                                0x212 (size before relaxing)
 .debug_str     0x0000033e      0x224 nock_machine.o
                                0x413 (size before relaxing)
 .debug_str     0x00000562       0xe7 softtimer.o
                                0x261 (size before relaxing)
 .debug_str     0x00000649       0xcd uart_logger.o
                                0x1c8 (size before relaxing)
 .debug_str     0x00000716       0xac colibrator.o
                                0x2d6 (size before relaxing)
 .debug_str     0x000007c2       0x63 send_machine.o
                                0x2b3 (size before relaxing)
 .debug_str     0x00000825      0x16c rf73_spi.o
                                0x2c9 (size before relaxing)

.debug_loc      0x00000000      0xc08
 *(.debug_loc)
 .debug_loc     0x00000000       0x3f buttons.o
 .debug_loc     0x0000003f      0x189 eepromworker.o
 .debug_loc     0x000001c8       0x4d leds.o
 .debug_loc     0x00000215       0x3a my_ext_irq.o
 .debug_loc     0x0000024f      0x130 nock_machine.o
 .debug_loc     0x0000037f       0x61 softtimer.o
 .debug_loc     0x000003e0      0x17f uart_logger.o
 .debug_loc     0x0000055f       0x90 colibrator.o
 .debug_loc     0x000005ef       0x9c send_machine.o
 .debug_loc     0x0000068b      0x57d rf73_spi.o

.debug_macinfo
 *(.debug_macinfo)
OUTPUT(nock_avr.elf elf32-avr)
LOAD linker stubs

.debug_pubtypes
                0x00000000      0x25b
 .debug_pubtypes
                0x00000000       0x3a buttons.o
 .debug_pubtypes
                0x0000003a       0x12 eepromworker.o
 .debug_pubtypes
                0x0000004c       0x2b leds.o
 .debug_pubtypes
                0x00000077       0x3a main.o
 .debug_pubtypes
                0x000000b1       0x37 my_ext_irq.o
 .debug_pubtypes
                0x000000e8       0x50 nock_machine.o
 .debug_pubtypes
                0x00000138       0x45 softtimer.o
 .debug_pubtypes
                0x0000017d       0x1e uart_logger.o
 .debug_pubtypes
                0x0000019b       0x55 colibrator.o
 .debug_pubtypes
                0x000001f0       0x33 send_machine.o
 .debug_pubtypes
                0x00000223       0x38 rf73_spi.o

.debug_ranges   0x00000000       0x30
 .debug_ranges  0x00000000       0x18 uart_logger.o
 .debug_ranges  0x00000018       0x18 send_machine.o
