Archive member included because of file (symbol)

c:/program files/gnu tools arm embedded/4.7 2013q3/bin/../lib/gcc/arm-none-eabi/4.7.4/../../../../arm-none-eabi/lib/armv7-m\libg.a(lib_a-memcpy.o)
                              ..\obj\nock_machine.o (memcpy)

Allocating common symbols
Common symbol       size              file

g_nocks             0x174             ..\obj\nock_machine.o
HSEStartUpStatus    0x1               ..\obj\uart_logger.o
g_flags             0x5               ..\obj\nock_machine.o
g_timer             0x30              ..\obj\softtimer.o

Discarded input sections

 .text          0x00000000        0x0 ..\obj\my_ext_irq.o
 .data          0x00000000        0x0 ..\obj\my_ext_irq.o
 .bss           0x00000000        0x0 ..\obj\my_ext_irq.o
 .text          0x00000000        0x0 ..\obj\stm32f10x_tim.o
 .data          0x00000000        0x0 ..\obj\stm32f10x_tim.o
 .bss           0x00000000        0x0 ..\obj\stm32f10x_tim.o
 .text.TIM_DeInit
                0x00000000      0x2b0 ..\obj\stm32f10x_tim.o
 .text.TIM_OC1Init
                0x00000000      0x128 ..\obj\stm32f10x_tim.o
 .text.TIM_OC2Init
                0x00000000      0x128 ..\obj\stm32f10x_tim.o
 .text.TIM_OC3Init
                0x00000000      0x120 ..\obj\stm32f10x_tim.o
 .text.TIM_OC4Init
                0x00000000       0xe0 ..\obj\stm32f10x_tim.o
 .text.TIM_ICInit
                0x00000000       0xa8 ..\obj\stm32f10x_tim.o
 .text.TIM_PWMIConfig
                0x00000000       0xc4 ..\obj\stm32f10x_tim.o
 .text.TIM_BDTRConfig
                0x00000000       0x50 ..\obj\stm32f10x_tim.o
 .text.TIM_OCStructInit
                0x00000000       0x54 ..\obj\stm32f10x_tim.o
 .text.TIM_ICStructInit
                0x00000000       0x3c ..\obj\stm32f10x_tim.o
 .text.TIM_BDTRStructInit
                0x00000000       0x4c ..\obj\stm32f10x_tim.o
 .text.TIM_CtrlPWMOutputs
                0x00000000       0x50 ..\obj\stm32f10x_tim.o
 .text.TIM_GenerateEvent
                0x00000000       0x1c ..\obj\stm32f10x_tim.o
 .text.TIM_DMAConfig
                0x00000000       0x28 ..\obj\stm32f10x_tim.o
 .text.TIM_DMACmd
                0x00000000       0x48 ..\obj\stm32f10x_tim.o
 .text.TIM_InternalClockConfig
                0x00000000       0x24 ..\obj\stm32f10x_tim.o
 .text.TIM_ITRxExternalClockConfig
                0x00000000       0x30 ..\obj\stm32f10x_tim.o
 .text.TIM_TIxExternalClockConfig
                0x00000000       0x58 ..\obj\stm32f10x_tim.o
 .text.TIM_ETRClockMode1Config
                0x00000000       0x54 ..\obj\stm32f10x_tim.o
 .text.TIM_ETRClockMode2Config
                0x00000000       0x34 ..\obj\stm32f10x_tim.o
 .text.TIM_ETRConfig
                0x00000000       0x4c ..\obj\stm32f10x_tim.o
 .text.TIM_PrescalerConfig
                0x00000000       0x28 ..\obj\stm32f10x_tim.o
 .text.TIM_CounterModeConfig
                0x00000000       0x38 ..\obj\stm32f10x_tim.o
 .text.TIM_SelectInputTrigger
                0x00000000       0x38 ..\obj\stm32f10x_tim.o
 .text.TIM_EncoderInterfaceConfig
                0x00000000       0x94 ..\obj\stm32f10x_tim.o
 .text.TIM_ForcedOC1Config
                0x00000000       0x38 ..\obj\stm32f10x_tim.o
 .text.TIM_ForcedOC2Config
                0x00000000       0x40 ..\obj\stm32f10x_tim.o
 .text.TIM_ForcedOC3Config
                0x00000000       0x38 ..\obj\stm32f10x_tim.o
 .text.TIM_ForcedOC4Config
                0x00000000       0x40 ..\obj\stm32f10x_tim.o
 .text.TIM_ARRPreloadConfig
                0x00000000       0x40 ..\obj\stm32f10x_tim.o
 .text.TIM_SelectCOM
                0x00000000       0x40 ..\obj\stm32f10x_tim.o
 .text.TIM_SelectCCDMA
                0x00000000       0x40 ..\obj\stm32f10x_tim.o
 .text.TIM_CCPreloadControl
                0x00000000       0x40 ..\obj\stm32f10x_tim.o
 .text.TIM_OC1PreloadConfig
                0x00000000       0x38 ..\obj\stm32f10x_tim.o
 .text.TIM_OC2PreloadConfig
                0x00000000       0x40 ..\obj\stm32f10x_tim.o
 .text.TIM_OC3PreloadConfig
                0x00000000       0x38 ..\obj\stm32f10x_tim.o
 .text.TIM_OC4PreloadConfig
                0x00000000       0x40 ..\obj\stm32f10x_tim.o
 .text.TIM_OC1FastConfig
                0x00000000       0x38 ..\obj\stm32f10x_tim.o
 .text.TIM_OC2FastConfig
                0x00000000       0x40 ..\obj\stm32f10x_tim.o
 .text.TIM_OC3FastConfig
                0x00000000       0x38 ..\obj\stm32f10x_tim.o
 .text.TIM_OC4FastConfig
                0x00000000       0x40 ..\obj\stm32f10x_tim.o
 .text.TIM_ClearOC1Ref
                0x00000000       0x38 ..\obj\stm32f10x_tim.o
 .text.TIM_ClearOC2Ref
                0x00000000       0x44 ..\obj\stm32f10x_tim.o
 .text.TIM_ClearOC3Ref
                0x00000000       0x38 ..\obj\stm32f10x_tim.o
 .text.TIM_ClearOC4Ref
                0x00000000       0x44 ..\obj\stm32f10x_tim.o
 .text.TIM_OC1PolarityConfig
                0x00000000       0x38 ..\obj\stm32f10x_tim.o
 .text.TIM_OC1NPolarityConfig
                0x00000000       0x38 ..\obj\stm32f10x_tim.o
 .text.TIM_OC2PolarityConfig
                0x00000000       0x40 ..\obj\stm32f10x_tim.o
 .text.TIM_OC2NPolarityConfig
                0x00000000       0x40 ..\obj\stm32f10x_tim.o
 .text.TIM_OC3PolarityConfig
                0x00000000       0x40 ..\obj\stm32f10x_tim.o
 .text.TIM_OC3NPolarityConfig
                0x00000000       0x40 ..\obj\stm32f10x_tim.o
 .text.TIM_OC4PolarityConfig
                0x00000000       0x40 ..\obj\stm32f10x_tim.o
 .text.TIM_CCxCmd
                0x00000000       0x5c ..\obj\stm32f10x_tim.o
 .text.TIM_CCxNCmd
                0x00000000       0x5c ..\obj\stm32f10x_tim.o
 .text.TIM_SelectOCxM
                0x00000000       0xbc ..\obj\stm32f10x_tim.o
 .text.TIM_UpdateDisableConfig
                0x00000000       0x40 ..\obj\stm32f10x_tim.o
 .text.TIM_UpdateRequestConfig
                0x00000000       0x40 ..\obj\stm32f10x_tim.o
 .text.TIM_SelectHallSensor
                0x00000000       0x40 ..\obj\stm32f10x_tim.o
 .text.TIM_SelectOnePulseMode
                0x00000000       0x38 ..\obj\stm32f10x_tim.o
 .text.TIM_SelectOutputTrigger
                0x00000000       0x38 ..\obj\stm32f10x_tim.o
 .text.TIM_SelectSlaveMode
                0x00000000       0x38 ..\obj\stm32f10x_tim.o
 .text.TIM_SelectMasterSlaveMode
                0x00000000       0x38 ..\obj\stm32f10x_tim.o
 .text.TIM_SetCounter
                0x00000000       0x1c ..\obj\stm32f10x_tim.o
 .text.TIM_SetAutoreload
                0x00000000       0x1c ..\obj\stm32f10x_tim.o
 .text.TIM_SetCompare1
                0x00000000       0x1c ..\obj\stm32f10x_tim.o
 .text.TIM_SetCompare2
                0x00000000       0x1c ..\obj\stm32f10x_tim.o
 .text.TIM_SetCompare3
                0x00000000       0x1c ..\obj\stm32f10x_tim.o
 .text.TIM_SetCompare4
                0x00000000       0x20 ..\obj\stm32f10x_tim.o
 .text.TIM_SetIC1Prescaler
                0x00000000       0x38 ..\obj\stm32f10x_tim.o
 .text.TIM_SetIC2Prescaler
                0x00000000       0x3c ..\obj\stm32f10x_tim.o
 .text.TIM_SetIC3Prescaler
                0x00000000       0x38 ..\obj\stm32f10x_tim.o
 .text.TIM_SetIC4Prescaler
                0x00000000       0x3c ..\obj\stm32f10x_tim.o
 .text.TIM_SetClockDivision
                0x00000000       0x38 ..\obj\stm32f10x_tim.o
 .text.TIM_GetCapture1
                0x00000000       0x1c ..\obj\stm32f10x_tim.o
 .text.TIM_GetCapture2
                0x00000000       0x1c ..\obj\stm32f10x_tim.o
 .text.TIM_GetCapture3
                0x00000000       0x1c ..\obj\stm32f10x_tim.o
 .text.TIM_GetCapture4
                0x00000000       0x1c ..\obj\stm32f10x_tim.o
 .text.TIM_GetCounter
                0x00000000       0x1c ..\obj\stm32f10x_tim.o
 .text.TIM_GetPrescaler
                0x00000000       0x1c ..\obj\stm32f10x_tim.o
 .text.TIM_GetFlagStatus
                0x00000000       0x40 ..\obj\stm32f10x_tim.o
 .text.TIM_ClearFlag
                0x00000000       0x24 ..\obj\stm32f10x_tim.o
 .text.TI1_Config
                0x00000000       0xe4 ..\obj\stm32f10x_tim.o
 .text.TI2_Config
                0x00000000      0x104 ..\obj\stm32f10x_tim.o
 .text.TI3_Config
                0x00000000       0xf4 ..\obj\stm32f10x_tim.o
 .text.TI4_Config
                0x00000000      0x10c ..\obj\stm32f10x_tim.o
 .text          0x00000000        0x0 ..\obj\startup_stm32f10x_md_vl.o
 .data          0x00000000        0x0 ..\obj\startup_stm32f10x_md_vl.o
 .bss           0x00000000        0x0 ..\obj\startup_stm32f10x_md_vl.o
 .text          0x00000000        0x0 ..\obj\core_cm3.o
 .data          0x00000000        0x0 ..\obj\core_cm3.o
 .bss           0x00000000        0x0 ..\obj\core_cm3.o
 .text.__get_PSP
                0x00000000       0x10 ..\obj\core_cm3.o
 .text.__set_PSP
                0x00000000        0x8 ..\obj\core_cm3.o
 .text.__get_MSP
                0x00000000       0x10 ..\obj\core_cm3.o
 .text.__set_MSP
                0x00000000        0x8 ..\obj\core_cm3.o
 .text.__get_BASEPRI
                0x00000000       0x20 ..\obj\core_cm3.o
 .text.__set_BASEPRI
                0x00000000       0x18 ..\obj\core_cm3.o
 .text.__get_PRIMASK
                0x00000000       0x20 ..\obj\core_cm3.o
 .text.__set_PRIMASK
                0x00000000       0x18 ..\obj\core_cm3.o
 .text.__get_FAULTMASK
                0x00000000       0x20 ..\obj\core_cm3.o
 .text.__set_FAULTMASK
                0x00000000       0x18 ..\obj\core_cm3.o
 .text.__get_CONTROL
                0x00000000       0x20 ..\obj\core_cm3.o
 .text.__set_CONTROL
                0x00000000       0x18 ..\obj\core_cm3.o
 .text.__REV    0x00000000       0x24 ..\obj\core_cm3.o
 .text.__REV16  0x00000000       0x24 ..\obj\core_cm3.o
 .text.__REVSH  0x00000000       0x24 ..\obj\core_cm3.o
 .text.__RBIT   0x00000000       0x24 ..\obj\core_cm3.o
 .text.__LDREXB
                0x00000000       0x24 ..\obj\core_cm3.o
 .text.__LDREXH
                0x00000000       0x24 ..\obj\core_cm3.o
 .text.__LDREXW
                0x00000000       0x24 ..\obj\core_cm3.o
 .text.__STREXB
                0x00000000       0x2c ..\obj\core_cm3.o
 .text.__STREXH
                0x00000000       0x2c ..\obj\core_cm3.o
 .text.__STREXW
                0x00000000       0x28 ..\obj\core_cm3.o
 .debug_info    0x00000000      0x55e ..\obj\core_cm3.o
 .debug_abbrev  0x00000000       0xe4 ..\obj\core_cm3.o
 .debug_loc     0x00000000      0x3f0 ..\obj\core_cm3.o
 .debug_aranges
                0x00000000       0xc8 ..\obj\core_cm3.o
 .debug_ranges  0x00000000       0xb8 ..\obj\core_cm3.o
 .debug_line    0x00000000      0x287 ..\obj\core_cm3.o
 .debug_str     0x00000000      0x263 ..\obj\core_cm3.o
 .comment       0x00000000       0x71 ..\obj\core_cm3.o
 .ARM.attributes
                0x00000000       0x33 ..\obj\core_cm3.o
 .debug_frame   0x00000000      0x280 ..\obj\core_cm3.o
 .text          0x00000000        0x0 ..\obj\system_stm32f10x.o
 .data          0x00000000       0x14 ..\obj\system_stm32f10x.o
 .bss           0x00000000        0x0 ..\obj\system_stm32f10x.o
 .text.SystemCoreClockUpdate
                0x00000000      0x13c ..\obj\system_stm32f10x.o
 .text          0x00000000        0x0 ..\obj\nock_machine.o
 .data          0x00000000        0x0 ..\obj\nock_machine.o
 .text.nockWriteToEEPROM
                0x00000000       0x50 ..\obj\nock_machine.o
 .text          0x00000000        0x0 ..\obj\eepromworker.o
 .data          0x00000000        0x0 ..\obj\eepromworker.o
 .bss           0x00000000        0x0 ..\obj\eepromworker.o
 .text.eepromWrite
                0x00000000       0x30 ..\obj\eepromworker.o
 .text.eepromReadToMark
                0x00000000       0x50 ..\obj\eepromworker.o
 .text          0x00000000        0x0 ..\obj\stm32f10x_gpio.o
 .data          0x00000000        0x0 ..\obj\stm32f10x_gpio.o
 .bss           0x00000000        0x0 ..\obj\stm32f10x_gpio.o
 .text.GPIO_DeInit
                0x00000000      0x128 ..\obj\stm32f10x_gpio.o
 .text.GPIO_AFIODeInit
                0x00000000       0x20 ..\obj\stm32f10x_gpio.o
 .text.GPIO_StructInit
                0x00000000       0x2c ..\obj\stm32f10x_gpio.o
 .text.GPIO_ReadInputDataBit
                0x00000000       0x3c ..\obj\stm32f10x_gpio.o
 .text.GPIO_ReadInputData
                0x00000000       0x1c ..\obj\stm32f10x_gpio.o
 .text.GPIO_ReadOutputDataBit
                0x00000000       0x3c ..\obj\stm32f10x_gpio.o
 .text.GPIO_ReadOutputData
                0x00000000       0x1c ..\obj\stm32f10x_gpio.o
 .text.GPIO_SetBits
                0x00000000       0x1c ..\obj\stm32f10x_gpio.o
 .text.GPIO_ResetBits
                0x00000000       0x1c ..\obj\stm32f10x_gpio.o
 .text.GPIO_WriteBit
                0x00000000       0x30 ..\obj\stm32f10x_gpio.o
 .text.GPIO_Write
                0x00000000       0x1c ..\obj\stm32f10x_gpio.o
 .text.GPIO_PinLockConfig
                0x00000000       0x44 ..\obj\stm32f10x_gpio.o
 .text.GPIO_EventOutputConfig
                0x00000000       0x54 ..\obj\stm32f10x_gpio.o
 .text.GPIO_EventOutputCmd
                0x00000000       0x20 ..\obj\stm32f10x_gpio.o
 .text.GPIO_PinRemapConfig
                0x00000000      0x120 ..\obj\stm32f10x_gpio.o
 .text.GPIO_ETH_MediaInterfaceConfig
                0x00000000       0x20 ..\obj\stm32f10x_gpio.o
 .text          0x00000000        0x0 ..\obj\softtimer.o
 .data          0x00000000        0x0 ..\obj\softtimer.o
 .bss           0x00000000        0x0 ..\obj\softtimer.o
 .text          0x00000000        0x0 ..\obj\main.o
 .data          0x00000000        0x0 ..\obj\main.o
 .bss           0x00000000        0x0 ..\obj\main.o
 .text          0x00000000        0x0 ..\obj\uart_logger.o
 .data          0x00000000        0x0 ..\obj\uart_logger.o
 .bss           0x00000000        0x0 ..\obj\uart_logger.o
 .text.UARTSend
                0x00000000       0x60 ..\obj\uart_logger.o
 .text.loggerWrite
                0x00000000       0x60 ..\obj\uart_logger.o
 COMMON         0x00000000        0x1 ..\obj\uart_logger.o
 .text          0x00000000        0x0 ..\obj\stm32f10x_rcc.o
 .bss           0x00000000        0x0 ..\obj\stm32f10x_rcc.o
 .text.RCC_DeInit
                0x00000000       0xa8 ..\obj\stm32f10x_rcc.o
 .text.RCC_HSEConfig
                0x00000000       0x88 ..\obj\stm32f10x_rcc.o
 .text.RCC_WaitForHSEStartUp
                0x00000000       0x64 ..\obj\stm32f10x_rcc.o
 .text.RCC_AdjustHSICalibrationValue
                0x00000000       0x48 ..\obj\stm32f10x_rcc.o
 .text.RCC_HSICmd
                0x00000000       0x20 ..\obj\stm32f10x_rcc.o
 .text.RCC_PLLConfig
                0x00000000       0x48 ..\obj\stm32f10x_rcc.o
 .text.RCC_PLLCmd
                0x00000000       0x20 ..\obj\stm32f10x_rcc.o
 .text.RCC_PREDIV1Config
                0x00000000       0x4c ..\obj\stm32f10x_rcc.o
 .text.RCC_SYSCLKConfig
                0x00000000       0x40 ..\obj\stm32f10x_rcc.o
 .text.RCC_GetSYSCLKSource
                0x00000000       0x20 ..\obj\stm32f10x_rcc.o
 .text.RCC_HCLKConfig
                0x00000000       0x40 ..\obj\stm32f10x_rcc.o
 .text.RCC_PCLK1Config
                0x00000000       0x40 ..\obj\stm32f10x_rcc.o
 .text.RCC_PCLK2Config
                0x00000000       0x44 ..\obj\stm32f10x_rcc.o
 .text.RCC_ITConfig
                0x00000000       0x60 ..\obj\stm32f10x_rcc.o
 .text.RCC_USBCLKConfig
                0x00000000       0x20 ..\obj\stm32f10x_rcc.o
 .text.RCC_ADCCLKConfig
                0x00000000       0x40 ..\obj\stm32f10x_rcc.o
 .text.RCC_LSEConfig
                0x00000000       0x60 ..\obj\stm32f10x_rcc.o
 .text.RCC_LSICmd
                0x00000000       0x20 ..\obj\stm32f10x_rcc.o
 .text.RCC_RTCCLKConfig
                0x00000000       0x2c ..\obj\stm32f10x_rcc.o
 .text.RCC_RTCCLKCmd
                0x00000000       0x20 ..\obj\stm32f10x_rcc.o
 .text.RCC_AHBPeriphClockCmd
                0x00000000       0x54 ..\obj\stm32f10x_rcc.o
 .text.RCC_APB2PeriphResetCmd
                0x00000000       0x54 ..\obj\stm32f10x_rcc.o
 .text.RCC_APB1PeriphResetCmd
                0x00000000       0x54 ..\obj\stm32f10x_rcc.o
 .text.RCC_BackupResetCmd
                0x00000000       0x20 ..\obj\stm32f10x_rcc.o
 .text.RCC_ClockSecuritySystemCmd
                0x00000000       0x20 ..\obj\stm32f10x_rcc.o
 .text.RCC_MCOConfig
                0x00000000       0x20 ..\obj\stm32f10x_rcc.o
 .text.RCC_GetFlagStatus
                0x00000000       0x90 ..\obj\stm32f10x_rcc.o
 .text.RCC_ClearFlag
                0x00000000       0x24 ..\obj\stm32f10x_rcc.o
 .text.RCC_GetITStatus
                0x00000000       0x40 ..\obj\stm32f10x_rcc.o
 .text.RCC_ClearITPendingBit
                0x00000000       0x20 ..\obj\stm32f10x_rcc.o
 .text          0x00000000        0x0 ..\obj\stm32f10x_exti.o
 .data          0x00000000        0x0 ..\obj\stm32f10x_exti.o
 .bss           0x00000000        0x0 ..\obj\stm32f10x_exti.o
 .text.EXTI_DeInit
                0x00000000       0x54 ..\obj\stm32f10x_exti.o
 .text.EXTI_StructInit
                0x00000000       0x34 ..\obj\stm32f10x_exti.o
 .text.EXTI_GenerateSWInterrupt
                0x00000000       0x2c ..\obj\stm32f10x_exti.o
 .text.EXTI_GetFlagStatus
                0x00000000       0x3c ..\obj\stm32f10x_exti.o
 .text.EXTI_ClearFlag
                0x00000000       0x20 ..\obj\stm32f10x_exti.o
 .text          0x00000000        0x0 ..\obj\stm32f10x_usart.o
 .data          0x00000000        0x0 ..\obj\stm32f10x_usart.o
 .bss           0x00000000        0x0 ..\obj\stm32f10x_usart.o
 .text.USART_DeInit
                0x00000000       0xd8 ..\obj\stm32f10x_usart.o
 .text.USART_StructInit
                0x00000000       0x44 ..\obj\stm32f10x_usart.o
 .text.USART_ClockInit
                0x00000000       0x58 ..\obj\stm32f10x_usart.o
 .text.USART_ClockStructInit
                0x00000000       0x34 ..\obj\stm32f10x_usart.o
 .text.USART_DMACmd
                0x00000000       0x48 ..\obj\stm32f10x_usart.o
 .text.USART_SetAddress
                0x00000000       0x38 ..\obj\stm32f10x_usart.o
 .text.USART_WakeUpConfig
                0x00000000       0x38 ..\obj\stm32f10x_usart.o
 .text.USART_ReceiverWakeUpCmd
                0x00000000       0x40 ..\obj\stm32f10x_usart.o
 .text.USART_LINBreakDetectLengthConfig
                0x00000000       0x38 ..\obj\stm32f10x_usart.o
 .text.USART_LINCmd
                0x00000000       0x40 ..\obj\stm32f10x_usart.o
 .text.USART_SendBreak
                0x00000000       0x24 ..\obj\stm32f10x_usart.o
 .text.USART_SetGuardTime
                0x00000000       0x3c ..\obj\stm32f10x_usart.o
 .text.USART_SetPrescaler
                0x00000000       0x38 ..\obj\stm32f10x_usart.o
 .text.USART_SmartCardCmd
                0x00000000       0x40 ..\obj\stm32f10x_usart.o
 .text.USART_SmartCardNACKCmd
                0x00000000       0x40 ..\obj\stm32f10x_usart.o
 .text.USART_HalfDuplexCmd
                0x00000000       0x40 ..\obj\stm32f10x_usart.o
 .text.USART_OverSampling8Cmd
                0x00000000       0x48 ..\obj\stm32f10x_usart.o
 .text.USART_OneBitMethodCmd
                0x00000000       0x40 ..\obj\stm32f10x_usart.o
 .text.USART_IrDAConfig
                0x00000000       0x38 ..\obj\stm32f10x_usart.o
 .text.USART_IrDACmd
                0x00000000       0x40 ..\obj\stm32f10x_usart.o
 .text.USART_ClearFlag
                0x00000000       0x24 ..\obj\stm32f10x_usart.o
 .text.USART_GetITStatus
                0x00000000       0xc4 ..\obj\stm32f10x_usart.o
 .text.USART_ClearITPendingBit
                0x00000000       0x44 ..\obj\stm32f10x_usart.o
 .text          0x00000000        0x0 ..\obj\leds.o
 .bss           0x00000000        0x0 ..\obj\leds.o
 .text.ledOn    0x00000000       0x40 ..\obj\leds.o
 .text.ledOff   0x00000000       0x44 ..\obj\leds.o
 .text.ledTaggle
                0x00000000       0x40 ..\obj\leds.o
 .text          0x00000000        0x0 ..\obj\misc.o
 .data          0x00000000        0x0 ..\obj\misc.o
 .bss           0x00000000        0x0 ..\obj\misc.o
 .text.NVIC_PriorityGroupConfig
                0x00000000       0x28 ..\obj\misc.o
 .text.NVIC_SetVectorTable
                0x00000000       0x2c ..\obj\misc.o
 .text.NVIC_SystemLPConfig
                0x00000000       0x54 ..\obj\misc.o
 .text.SysTick_CLKSourceConfig
                0x00000000       0x4c ..\obj\misc.o
 .text          0x00000000        0x0 ..\obj\stm32f10x_spi.o
 .data          0x00000000        0x0 ..\obj\stm32f10x_spi.o
 .bss           0x00000000        0x0 ..\obj\stm32f10x_spi.o
 .text.SPI_I2S_DeInit
                0x00000000       0x88 ..\obj\stm32f10x_spi.o
 .text.SPI_Init
                0x00000000       0x88 ..\obj\stm32f10x_spi.o
 .text.I2S_Init
                0x00000000      0x198 ..\obj\stm32f10x_spi.o
 .text.SPI_StructInit
                0x00000000       0x5c ..\obj\stm32f10x_spi.o
 .text.I2S_StructInit
                0x00000000       0x44 ..\obj\stm32f10x_spi.o
 .text.SPI_Cmd  0x00000000       0x40 ..\obj\stm32f10x_spi.o
 .text.I2S_Cmd  0x00000000       0x40 ..\obj\stm32f10x_spi.o
 .text.SPI_I2S_ITConfig
                0x00000000       0x6c ..\obj\stm32f10x_spi.o
 .text.SPI_I2S_DMACmd
                0x00000000       0x48 ..\obj\stm32f10x_spi.o
 .text.SPI_I2S_SendData
                0x00000000       0x1c ..\obj\stm32f10x_spi.o
 .text.SPI_I2S_ReceiveData
                0x00000000       0x1c ..\obj\stm32f10x_spi.o
 .text.SPI_NSSInternalSoftwareConfig
                0x00000000       0x44 ..\obj\stm32f10x_spi.o
 .text.SPI_SSOutputCmd
                0x00000000       0x40 ..\obj\stm32f10x_spi.o
 .text.SPI_DataSizeConfig
                0x00000000       0x38 ..\obj\stm32f10x_spi.o
 .text.SPI_TransmitCRC
                0x00000000       0x24 ..\obj\stm32f10x_spi.o
 .text.SPI_CalculateCRC
                0x00000000       0x40 ..\obj\stm32f10x_spi.o
 .text.SPI_GetCRC
                0x00000000       0x34 ..\obj\stm32f10x_spi.o
 .text.SPI_GetCRCPolynomial
                0x00000000       0x1c ..\obj\stm32f10x_spi.o
 .text.SPI_BiDirectionalLineConfig
                0x00000000       0x40 ..\obj\stm32f10x_spi.o
 .text.SPI_I2S_GetFlagStatus
                0x00000000       0x40 ..\obj\stm32f10x_spi.o
 .text.SPI_I2S_ClearFlag
                0x00000000       0x24 ..\obj\stm32f10x_spi.o
 .text.SPI_I2S_GetITStatus
                0x00000000       0x88 ..\obj\stm32f10x_spi.o
 .text.SPI_I2S_ClearITPendingBit
                0x00000000       0x38 ..\obj\stm32f10x_spi.o
 .debug_info    0x00000000      0x981 ..\obj\stm32f10x_spi.o
 .debug_abbrev  0x00000000      0x180 ..\obj\stm32f10x_spi.o
 .debug_loc     0x00000000      0x508 ..\obj\stm32f10x_spi.o
 .debug_aranges
                0x00000000       0xd0 ..\obj\stm32f10x_spi.o
 .debug_ranges  0x00000000       0xc0 ..\obj\stm32f10x_spi.o
 .debug_line    0x00000000      0x3cd ..\obj\stm32f10x_spi.o
 .debug_str     0x00000000      0x59d ..\obj\stm32f10x_spi.o
 .comment       0x00000000       0x71 ..\obj\stm32f10x_spi.o
 .ARM.attributes
                0x00000000       0x33 ..\obj\stm32f10x_spi.o
 .debug_frame   0x00000000      0x29c ..\obj\stm32f10x_spi.o
 .text          0x00000000        0x0 ..\obj\buttons.o
 .data          0x00000000        0x0 ..\obj\buttons.o
 .bss           0x00000000        0x0 ..\obj\buttons.o
 .text          0x00000000        0x0 c:/program files/gnu tools arm embedded/4.7 2013q3/bin/../lib/gcc/arm-none-eabi/4.7.4/../../../../arm-none-eabi/lib/armv7-m\libg.a(lib_a-memcpy.o)
 .data          0x00000000        0x0 c:/program files/gnu tools arm embedded/4.7 2013q3/bin/../lib/gcc/arm-none-eabi/4.7.4/../../../../arm-none-eabi/lib/armv7-m\libg.a(lib_a-memcpy.o)
 .bss           0x00000000        0x0 c:/program files/gnu tools arm embedded/4.7 2013q3/bin/../lib/gcc/arm-none-eabi/4.7.4/../../../../arm-none-eabi/lib/armv7-m\libg.a(lib_a-memcpy.o)

Memory Configuration

Name             Origin             Length             Attributes
rom              0x08000000         0x00020000         xr
ram              0x20000000         0x00002000         xrw
*default*        0x00000000         0xffffffff

Linker script and memory map

                0x20002000                _eram = 0x20002000

.text           0x08000000     0x2408
 *(.isr_vector)
 .isr_vector    0x08000000      0x124 ..\obj\startup_stm32f10x_md_vl.o
                0x08000000                g_pfnVectors
 *(.text*)
 .text.initMyExtIRQ
                0x08000124       0x94 ..\obj\my_ext_irq.o
                0x08000124                initMyExtIRQ
 .text.EXTI9_5_IRQHandler
                0x080001b8       0x40 ..\obj\my_ext_irq.o
                0x080001b8                EXTI9_5_IRQHandler
 .text.TIM_TimeBaseInit
                0x080001f8      0x11c ..\obj\stm32f10x_tim.o
                0x080001f8                TIM_TimeBaseInit
 .text.TIM_TimeBaseStructInit
                0x08000314       0x3c ..\obj\stm32f10x_tim.o
                0x08000314                TIM_TimeBaseStructInit
 .text.TIM_Cmd  0x08000350       0x40 ..\obj\stm32f10x_tim.o
                0x08000350                TIM_Cmd
 .text.TIM_ITConfig
                0x08000390       0x48 ..\obj\stm32f10x_tim.o
                0x08000390                TIM_ITConfig
 .text.TIM_GetITStatus
                0x080003d8       0x60 ..\obj\stm32f10x_tim.o
                0x080003d8                TIM_GetITStatus
 .text.TIM_ClearITPendingBit
                0x08000438       0x24 ..\obj\stm32f10x_tim.o
                0x08000438                TIM_ClearITPendingBit
 .text.Default_Reset_Handler
                0x0800045c       0x70 ..\obj\startup_stm32f10x_md_vl.o
                0x0800045c                Default_Reset_Handler
                0x0800045c                Reset_Handler
 .text.Default_Handler
                0x080004cc        0x8 ..\obj\startup_stm32f10x_md_vl.o
                0x080004cc                EXTI2_IRQHandler
                0x080004cc                DebugMon_Handler
                0x080004cc                TIM1_CC_IRQHandler
                0x080004cc                HardFault_Handler
                0x080004cc                SysTick_Handler
                0x080004cc                PVD_IRQHandler
                0x080004cc                PendSV_Handler
                0x080004cc                NMI_Handler
                0x080004cc                EXTI3_IRQHandler
                0x080004cc                EXTI0_IRQHandler
                0x080004cc                I2C2_EV_IRQHandler
                0x080004cc                TIM1_UP_TIM16_IRQHandler
                0x080004cc                UsageFault_Handler
                0x080004cc                SPI1_IRQHandler
                0x080004cc                TAMPER_IRQHandler
                0x080004cc                DMA1_Channel4_IRQHandler
                0x080004cc                ADC1_IRQHandler
                0x080004cc                USART3_IRQHandler
                0x080004cc                RTC_IRQHandler
                0x080004cc                DMA1_Channel7_IRQHandler
                0x080004cc                TIM4_IRQHandler
                0x080004cc                I2C1_EV_IRQHandler
                0x080004cc                DMA1_Channel6_IRQHandler
                0x080004cc                TIM3_IRQHandler
                0x080004cc                RCC_IRQHandler
                0x080004cc                DMA1_Channel1_IRQHandler
                0x080004cc                CEC_IRQHandler
                0x080004cc                EXTI15_10_IRQHandler
                0x080004cc                TIM7_IRQHandler
                0x080004cc                SPI2_IRQHandler
                0x080004cc                MemManage_Handler
                0x080004cc                SVC_Handler
                0x080004cc                DMA1_Channel5_IRQHandler
                0x080004cc                EXTI4_IRQHandler
                0x080004cc                TIM1_TRG_COM_TIM17_IRQHandler
                0x080004cc                DMA1_Channel3_IRQHandler
                0x080004cc                WWDG_IRQHandler
                0x080004cc                TIM2_IRQHandler
                0x080004cc                EXTI1_IRQHandler
                0x080004cc                RTCAlarm_IRQHandler
                0x080004cc                USART2_IRQHandler
                0x080004cc                I2C2_ER_IRQHandler
                0x080004cc                DMA1_Channel2_IRQHandler
                0x080004cc                FLASH_IRQHandler
                0x080004cc                BusFault_Handler
                0x080004cc                I2C1_ER_IRQHandler
                0x080004cc                TIM1_BRK_TIM15_IRQHandler
 .text.SystemInit
                0x080004d4       0xb8 ..\obj\system_stm32f10x.o
                0x080004d4                SystemInit
 .text.SetSysClock
                0x0800058c        0xc ..\obj\system_stm32f10x.o
 .text.SetSysClockTo24
                0x08000598      0x15c ..\obj\system_stm32f10x.o
 .text.initGVals
                0x080006f4       0xb0 ..\obj\nock_machine.o
                0x080006f4                initGVals
 .text.changeFlag
                0x080007a4       0x28 ..\obj\nock_machine.o
                0x080007a4                changeFlag
 .text.initNockMachine_0
                0x080007cc       0x28 ..\obj\nock_machine.o
                0x080007cc                initNockMachine_0
 .text.nockMachine_2
                0x080007f4      0x390 ..\obj\nock_machine.o
                0x080007f4                nockMachine_2
 .text.processWaitNoise
                0x08000b84       0x88 ..\obj\nock_machine.o
                0x08000b84                processWaitNoise
 .text.processCheckNock
                0x08000c0c       0xa0 ..\obj\nock_machine.o
                0x08000c0c                processCheckNock
 .text.nockReadFromEEPROM
                0x08000cac       0x50 ..\obj\nock_machine.o
                0x08000cac                nockReadFromEEPROM
 .text.userCommandMachine_1
                0x08000cfc       0x70 ..\obj\nock_machine.o
                0x08000cfc                userCommandMachine_1
 .text.radioSendMachine_3
                0x08000d6c      0x17c ..\obj\nock_machine.o
                0x08000d6c                radioSendMachine_3
 .text.processWaitRadio
                0x08000ee8       0x68 ..\obj\nock_machine.o
                0x08000ee8                processWaitRadio
 .text.eepromInit
                0x08000f50        0xc ..\obj\eepromworker.o
                0x08000f50                eepromInit
 .text.eepromRead
                0x08000f5c       0x30 ..\obj\eepromworker.o
                0x08000f5c                eepromRead
 .text.GPIO_Init
                0x08000f8c      0x1b0 ..\obj\stm32f10x_gpio.o
                0x08000f8c                GPIO_Init
 .text.GPIO_EXTILineConfig
                0x0800113c       0xb0 ..\obj\stm32f10x_gpio.o
                0x0800113c                GPIO_EXTILineConfig
 .text.NVIC_EnableIRQ
                0x080011ec       0x38 ..\obj\softtimer.o
 .text.timerSet
                0x08001224       0x78 ..\obj\softtimer.o
                0x08001224                timerSet
 .text.timerIsElapsed
                0x0800129c       0x8c ..\obj\softtimer.o
                0x0800129c                timerIsElapsed
 .text.timerGetCurrent
                0x08001328       0x30 ..\obj\softtimer.o
                0x08001328                timerGetCurrent
 .text.timerInit
                0x08001358       0x8c ..\obj\softtimer.o
                0x08001358                timerInit
 .text.inIRQTimer
                0x080013e4      0x13c ..\obj\softtimer.o
                0x080013e4                inIRQTimer
 .text.initHardWareTimer
                0x08001520       0x70 ..\obj\softtimer.o
                0x08001520                initHardWareTimer
 .text.TIM6_DAC_IRQHandler
                0x08001590       0x30 ..\obj\softtimer.o
                0x08001590                TIM6_DAC_IRQHandler
 .text.main     0x080015c0       0x40 ..\obj\main.o
                0x080015c0                main
 .text.USART1_IRQHandler
                0x08001600       0x3c ..\obj\uart_logger.o
                0x08001600                USART1_IRQHandler
 .text.usart_init
                0x0800163c       0x34 ..\obj\uart_logger.o
                0x0800163c                usart_init
 .text.GPIO_Configuration
                0x08001670       0x50 ..\obj\uart_logger.o
                0x08001670                GPIO_Configuration
 .text.USART_Configuration
                0x080016c0       0x54 ..\obj\uart_logger.o
                0x080016c0                USART_Configuration
 .text.NVIC_Configuration
                0x08001714       0x30 ..\obj\uart_logger.o
                0x08001714                NVIC_Configuration
 .text.loggerInit
                0x08001744        0xc ..\obj\uart_logger.o
                0x08001744                loggerInit
 .text.loggerWriteToMarker
                0x08001750       0x54 ..\obj\uart_logger.o
                0x08001750                loggerWriteToMarker
 .text.RCC_GetClocksFreq
                0x080017a4      0x1cc ..\obj\stm32f10x_rcc.o
                0x080017a4                RCC_GetClocksFreq
 .text.RCC_APB2PeriphClockCmd
                0x08001970       0x54 ..\obj\stm32f10x_rcc.o
                0x08001970                RCC_APB2PeriphClockCmd
 .text.RCC_APB1PeriphClockCmd
                0x080019c4       0x54 ..\obj\stm32f10x_rcc.o
                0x080019c4                RCC_APB1PeriphClockCmd
 .text.EXTI_Init
                0x08001a18      0x138 ..\obj\stm32f10x_exti.o
                0x08001a18                EXTI_Init
 .text.EXTI_GetITStatus
                0x08001b50       0x58 ..\obj\stm32f10x_exti.o
                0x08001b50                EXTI_GetITStatus
 .text.EXTI_ClearITPendingBit
                0x08001ba8       0x20 ..\obj\stm32f10x_exti.o
                0x08001ba8                EXTI_ClearITPendingBit
 .text.USART_Init
                0x08001bc8      0x1ac ..\obj\stm32f10x_usart.o
                0x08001bc8                USART_Init
 .text.USART_Cmd
                0x08001d74       0x40 ..\obj\stm32f10x_usart.o
                0x08001d74                USART_Cmd
 .text.USART_ITConfig
                0x08001db4       0xa4 ..\obj\stm32f10x_usart.o
                0x08001db4                USART_ITConfig
 .text.USART_SendData
                0x08001e58       0x28 ..\obj\stm32f10x_usart.o
                0x08001e58                USART_SendData
 .text.USART_ReceiveData
                0x08001e80       0x24 ..\obj\stm32f10x_usart.o
                0x08001e80                USART_ReceiveData
 .text.USART_GetFlagStatus
                0x08001ea4       0x40 ..\obj\stm32f10x_usart.o
                0x08001ea4                USART_GetFlagStatus
 .text.ledInit  0x08001ee4       0x74 ..\obj\leds.o
                0x08001ee4                ledInit
 .text.NVIC_Init
                0x08001f58       0xe8 ..\obj\misc.o
                0x08001f58                NVIC_Init
 .text.gpioInit
                0x08002040       0x38 ..\obj\buttons.o
                0x08002040                gpioInit
 .text.buttonsInit
                0x08002078        0xc ..\obj\buttons.o
                0x08002078                buttonsInit
 .text.buttonIsPressed
                0x08002084       0x30 ..\obj\buttons.o
                0x08002084                buttonIsPressed
 .text.memcpy   0x080020b4      0x15c c:/program files/gnu tools arm embedded/4.7 2013q3/bin/../lib/gcc/arm-none-eabi/4.7.4/../../../../arm-none-eabi/lib/armv7-m\libg.a(lib_a-memcpy.o)
                0x080020b4                memcpy
 *(.init)
 *(.fini)
 *crtbegin.o(.ctors)
 *crtbegin?.o(.ctors)
 *(EXCLUDE_FILE(*crtend.o *crtend?.o) .ctors)
 *(SORT(.ctors.*))
 *(.ctors)
 *crtbegin.o(.dtors)
 *crtbegin?.o(.dtors)
 *(EXCLUDE_FILE(*crtend.o *crtend?.o) .dtors)
 *(SORT(.dtors.*))
 *(.dtors)
 *(.rodata*)
 .rodata        0x08002210      0x1e0 ..\obj\nock_machine.o
 .rodata        0x080023f0       0x18 ..\obj\main.o
 *(.eh_fram e*)

.glue_7         0x08002408        0x0
 .glue_7        0x00000000        0x0 linker stubs

.glue_7t        0x08002408        0x0
 .glue_7t       0x00000000        0x0 linker stubs

.vfp11_veneer   0x08002408        0x0
 .vfp11_veneer  0x00000000        0x0 linker stubs

.v4_bx          0x08002408        0x0
 .v4_bx         0x00000000        0x0 linker stubs

.iplt           0x08002408        0x0
 .iplt          0x00000000        0x0 ..\obj\my_ext_irq.o

.rel.dyn        0x08002408        0x0
 .rel.iplt      0x00000000        0x0 ..\obj\my_ext_irq.o

.ARM.extab
 *(.ARM.extab* .gnu.linkonce.armextab.*)
                0x08002408                __exidx_start = .

.ARM.exidx
 *(.ARM.exidx* .gnu.linkonce.armexidx.*)
                0x08002408                __exidx_end = .
                0x08002408                __etext = .
                0x08002408                _sidata = __etext

.data           0x20000000       0x18 load address 0x08002408
                0x20000000                __data_start__ = .
                0x20000000                _sdata = __data_start__
 *(vtable)
 *(.data*)
 .data          0x20000000       0x14 ..\obj\stm32f10x_rcc.o
 .data          0x20000014        0x4 ..\obj\leds.o
                0x20000014                led_pins
                0x20000018                . = ALIGN (0x4)
                0x20000018                PROVIDE (__preinit_array_start, .)
 *(.preinit_array)
                0x20000018                PROVIDE (__preinit_array_end, .)
                0x20000018                . = ALIGN (0x4)
                0x20000018                PROVIDE (__init_array_start, .)
 *(SORT(.init_array.*))
 *(.init_array)
                0x20000018                PROVIDE (__init_array_end, .)
                0x20000018                . = ALIGN (0x4)
                0x20000018                PROVIDE (__fini_array_start, .)
 *(SORT(.fini_array.*))
 *(.fini_array)
                0x20000018                PROVIDE (__fini_array_end, .)
 *(.jcr*)
                0x20000018                . = ALIGN (0x4)
                0x20000018                __data_end__ = .
                0x20000018                _edata = __data_end__

.igot.plt       0x20000018        0x0 load address 0x08002420
 .igot.plt      0x00000000        0x0 ..\obj\my_ext_irq.o

.bss            0x20000018      0x1f4 load address 0x08002420
                0x20000018                . = ALIGN (0x4)
                0x20000018                __bss_start__ = .
                0x20000018                _sbss = __bss_start__
 *(.bss*)
 .bss           0x20000018       0x48 ..\obj\nock_machine.o
 *(COMMON)
 COMMON         0x20000060      0x179 ..\obj\nock_machine.o
                0x20000060                g_nocks
                0x200001d4                g_flags
 *fill*         0x200001d9        0x3 00
 COMMON         0x200001dc       0x30 ..\obj\softtimer.o
                0x200001dc                g_timer
                0x2000020c                . = ALIGN (0x4)
                0x2000020c                __bss_end__ = .
                0x2000020c                _ebss = __bss_end__

.heap           0x2000020c        0x0
                0x2000020c                __end__ = .
                0x2000020c                _end = __end__
                0x2000020c                end = __end__
 *(.heap*)
                0x2000020c                __HeapLimit = .

.co_stack       0x2000020c      0x404 load address 0x08002614
                0x20000210                . = ALIGN (0x8)
 *fill*         0x2000020c        0x4 00
 *(.co_stack .co_stack.*)
 .co_stack      0x20000210      0x400 ..\obj\startup_stm32f10x_md_vl.o
                0x20000210                pulStack
                0x20002000                __StackTop = (ORIGIN (ram) + 0x2000)
                0x20001bfc                __StackLimit = (__StackTop - SIZEOF (.co_stack))
                0x20002000                PROVIDE (__stack, __StackTop)
                0x00000001                ASSERT ((__StackLimit >= __HeapLimit), region ram  overflowed with stack)
LOAD ..\obj\my_ext_irq.o
LOAD ..\obj\stm32f10x_tim.o
LOAD ..\obj\startup_stm32f10x_md_vl.o
LOAD ..\obj\core_cm3.o
LOAD ..\obj\system_stm32f10x.o
LOAD ..\obj\nock_machine.o
LOAD ..\obj\eepromworker.o
LOAD ..\obj\stm32f10x_gpio.o
LOAD ..\obj\softtimer.o
LOAD ..\obj\main.o
LOAD ..\obj\uart_logger.o
LOAD ..\obj\stm32f10x_rcc.o
LOAD ..\obj\stm32f10x_exti.o
LOAD ..\obj\stm32f10x_usart.o
LOAD ..\obj\leds.o
LOAD ..\obj\misc.o
LOAD ..\obj\stm32f10x_spi.o
LOAD ..\obj\buttons.o
START GROUP
LOAD c:/program files/gnu tools arm embedded/4.7 2013q3/bin/../lib/gcc/arm-none-eabi/4.7.4/armv7-m\libgcc.a
LOAD c:/program files/gnu tools arm embedded/4.7 2013q3/bin/../lib/gcc/arm-none-eabi/4.7.4/../../../../arm-none-eabi/lib/armv7-m\libg.a
LOAD c:/program files/gnu tools arm embedded/4.7 2013q3/bin/../lib/gcc/arm-none-eabi/4.7.4/../../../../arm-none-eabi/lib/armv7-m\libc.a
END GROUP
OUTPUT(nocking.elf elf32-littlearm)

.debug_info     0x00000000     0x66a8
 .debug_info    0x00000000      0x4b8 ..\obj\my_ext_irq.o
 .debug_info    0x000004b8     0x1e6c ..\obj\stm32f10x_tim.o
 .debug_info    0x00002324       0xff ..\obj\startup_stm32f10x_md_vl.o
 .debug_info    0x00002423      0x40c ..\obj\system_stm32f10x.o
 .debug_info    0x0000282f      0x432 ..\obj\nock_machine.o
 .debug_info    0x00002c61      0x14c ..\obj\eepromworker.o
 .debug_info    0x00002dad      0x72e ..\obj\stm32f10x_gpio.o
 .debug_info    0x000034db      0x84e ..\obj\softtimer.o
 .debug_info    0x00003d29       0xce ..\obj\main.o
 .debug_info    0x00003df7      0x6ac ..\obj\uart_logger.o
 .debug_info    0x000044a3      0x990 ..\obj\stm32f10x_rcc.o
 .debug_info    0x00004e33      0x362 ..\obj\stm32f10x_exti.o
 .debug_info    0x00005195      0xa82 ..\obj\stm32f10x_usart.o
 .debug_info    0x00005c17      0x2e4 ..\obj\leds.o
 .debug_info    0x00005efb      0x544 ..\obj\misc.o
 .debug_info    0x0000643f      0x269 ..\obj\buttons.o

.debug_abbrev   0x00000000     0x156b
 .debug_abbrev  0x00000000      0x11d ..\obj\my_ext_irq.o
 .debug_abbrev  0x0000011d      0x1b2 ..\obj\stm32f10x_tim.o
 .debug_abbrev  0x000002cf       0xa9 ..\obj\startup_stm32f10x_md_vl.o
 .debug_abbrev  0x00000378      0x179 ..\obj\system_stm32f10x.o
 .debug_abbrev  0x000004f1      0x1a7 ..\obj\nock_machine.o
 .debug_abbrev  0x00000698       0x9d ..\obj\eepromworker.o
 .debug_abbrev  0x00000735      0x1ca ..\obj\stm32f10x_gpio.o
 .debug_abbrev  0x000008ff      0x20e ..\obj\softtimer.o
 .debug_abbrev  0x00000b0d       0x95 ..\obj\main.o
 .debug_abbrev  0x00000ba2      0x18a ..\obj\uart_logger.o
 .debug_abbrev  0x00000d2c      0x1bc ..\obj\stm32f10x_rcc.o
 .debug_abbrev  0x00000ee8      0x153 ..\obj\stm32f10x_exti.o
 .debug_abbrev  0x0000103b      0x164 ..\obj\stm32f10x_usart.o
 .debug_abbrev  0x0000119f      0x157 ..\obj\leds.o
 .debug_abbrev  0x000012f6      0x138 ..\obj\misc.o
 .debug_abbrev  0x0000142e      0x13d ..\obj\buttons.o

.debug_loc      0x00000000     0x31d0
 .debug_loc     0x00000000       0x64 ..\obj\my_ext_irq.o
 .debug_loc     0x00000064     0x13e8 ..\obj\stm32f10x_tim.o
 .debug_loc     0x0000144c       0x64 ..\obj\startup_stm32f10x_md_vl.o
 .debug_loc     0x000014b0       0xc8 ..\obj\system_stm32f10x.o
 .debug_loc     0x00001578      0x22c ..\obj\nock_machine.o
 .debug_loc     0x000017a4       0xd4 ..\obj\eepromworker.o
 .debug_loc     0x00001878      0x3e4 ..\obj\stm32f10x_gpio.o
 .debug_loc     0x00001c5c      0x1b4 ..\obj\softtimer.o
 .debug_loc     0x00001e10       0x2c ..\obj\main.o
 .debug_loc     0x00001e3c      0x1e0 ..\obj\uart_logger.o
 .debug_loc     0x0000201c      0x714 ..\obj\stm32f10x_rcc.o
 .debug_loc     0x00002730      0x1b4 ..\obj\stm32f10x_exti.o
 .debug_loc     0x000028e4      0x658 ..\obj\stm32f10x_usart.o
 .debug_loc     0x00002f3c       0xe0 ..\obj\leds.o
 .debug_loc     0x0000301c      0x118 ..\obj\misc.o
 .debug_loc     0x00003134       0x9c ..\obj\buttons.o

.debug_aranges  0x00000000      0x8c0
 .debug_aranges
                0x00000000       0x28 ..\obj\my_ext_irq.o
 .debug_aranges
                0x00000028      0x2f0 ..\obj\stm32f10x_tim.o
 .debug_aranges
                0x00000318       0x28 ..\obj\startup_stm32f10x_md_vl.o
 .debug_aranges
                0x00000340       0x38 ..\obj\system_stm32f10x.o
 .debug_aranges
                0x00000378       0x70 ..\obj\nock_machine.o
 .debug_aranges
                0x000003e8       0x38 ..\obj\eepromworker.o
 .debug_aranges
                0x00000420       0xa8 ..\obj\stm32f10x_gpio.o
 .debug_aranges
                0x000004c8       0x58 ..\obj\softtimer.o
 .debug_aranges
                0x00000520       0x20 ..\obj\main.o
 .debug_aranges
                0x00000540       0x60 ..\obj\uart_logger.o
 .debug_aranges
                0x000005a0      0x120 ..\obj\stm32f10x_rcc.o
 .debug_aranges
                0x000006c0       0x58 ..\obj\stm32f10x_exti.o
 .debug_aranges
                0x00000718      0x100 ..\obj\stm32f10x_usart.o
 .debug_aranges
                0x00000818       0x38 ..\obj\leds.o
 .debug_aranges
                0x00000850       0x40 ..\obj\misc.o
 .debug_aranges
                0x00000890       0x30 ..\obj\buttons.o

.debug_ranges   0x00000000      0x7c0
 .debug_ranges  0x00000000       0x18 ..\obj\my_ext_irq.o
 .debug_ranges  0x00000018      0x2e0 ..\obj\stm32f10x_tim.o
 .debug_ranges  0x000002f8       0x18 ..\obj\startup_stm32f10x_md_vl.o
 .debug_ranges  0x00000310       0x28 ..\obj\system_stm32f10x.o
 .debug_ranges  0x00000338       0x60 ..\obj\nock_machine.o
 .debug_ranges  0x00000398       0x28 ..\obj\eepromworker.o
 .debug_ranges  0x000003c0       0x98 ..\obj\stm32f10x_gpio.o
 .debug_ranges  0x00000458       0x48 ..\obj\softtimer.o
 .debug_ranges  0x000004a0       0x10 ..\obj\main.o
 .debug_ranges  0x000004b0       0x50 ..\obj\uart_logger.o
 .debug_ranges  0x00000500      0x110 ..\obj\stm32f10x_rcc.o
 .debug_ranges  0x00000610       0x48 ..\obj\stm32f10x_exti.o
 .debug_ranges  0x00000658       0xf0 ..\obj\stm32f10x_usart.o
 .debug_ranges  0x00000748       0x28 ..\obj\leds.o
 .debug_ranges  0x00000770       0x30 ..\obj\misc.o
 .debug_ranges  0x000007a0       0x20 ..\obj\buttons.o

.debug_line     0x00000000     0x2b64
 .debug_line    0x00000000      0x1ff ..\obj\my_ext_irq.o
 .debug_line    0x000001ff      0xa40 ..\obj\stm32f10x_tim.o
 .debug_line    0x00000c3f       0xa2 ..\obj\startup_stm32f10x_md_vl.o
 .debug_line    0x00000ce1      0x1c9 ..\obj\system_stm32f10x.o
 .debug_line    0x00000eaa      0x26c ..\obj\nock_machine.o
 .debug_line    0x00001116       0xb3 ..\obj\eepromworker.o
 .debug_line    0x000011c9      0x35a ..\obj\stm32f10x_gpio.o
 .debug_line    0x00001523      0x282 ..\obj\softtimer.o
 .debug_line    0x000017a5       0x85 ..\obj\main.o
 .debug_line    0x0000182a      0x288 ..\obj\uart_logger.o
 .debug_line    0x00001ab2      0x478 ..\obj\stm32f10x_rcc.o
 .debug_line    0x00001f2a      0x24f ..\obj\stm32f10x_exti.o
 .debug_line    0x00002179      0x446 ..\obj\stm32f10x_usart.o
 .debug_line    0x000025bf      0x1e9 ..\obj\leds.o
 .debug_line    0x000027a8      0x1ef ..\obj\misc.o
 .debug_line    0x00002997      0x1cd ..\obj\buttons.o

.debug_str      0x00000000     0x2808
 .debug_str     0x00000000      0x6bb ..\obj\my_ext_irq.o
                                0x6ff (size before relaxing)
 .debug_str     0x000006bb      0xbf4 ..\obj\stm32f10x_tim.o
                                0xd7d (size before relaxing)
 .debug_str     0x000012af       0xb0 ..\obj\startup_stm32f10x_md_vl.o
                                0x114 (size before relaxing)
 .debug_str     0x0000135f      0x159 ..\obj\system_stm32f10x.o
                                0x274 (size before relaxing)
 .debug_str     0x000014b8      0x28b ..\obj\nock_machine.o
                                0x353 (size before relaxing)
 .debug_str     0x00001743       0x7a ..\obj\eepromworker.o
                                 0xda (size before relaxing)
 .debug_str     0x000017bd      0x25e ..\obj\stm32f10x_gpio.o
                                0x4b9 (size before relaxing)
 .debug_str     0x00001a1b      0x16c ..\obj\softtimer.o
                                0x715 (size before relaxing)
 .debug_str     0x00001b87       0x36 ..\obj\main.o
                                 0xdd (size before relaxing)
 .debug_str     0x00001bbd      0x1a6 ..\obj\uart_logger.o
                                0x774 (size before relaxing)
 .debug_str     0x00001d63      0x400 ..\obj\stm32f10x_rcc.o
                                0x60d (size before relaxing)
 .debug_str     0x00002163      0x102 ..\obj\stm32f10x_exti.o
                                0x2fe (size before relaxing)
 .debug_str     0x00002265      0x3a6 ..\obj\stm32f10x_usart.o
                                0x630 (size before relaxing)
 .debug_str     0x0000260b       0x7b ..\obj\leds.o
                                0x2bc (size before relaxing)
 .debug_str     0x00002686      0x125 ..\obj\misc.o
                                0x363 (size before relaxing)
 .debug_str     0x000027ab       0x5d ..\obj\buttons.o
                                0x2a9 (size before relaxing)

.comment        0x00000000       0x70
 .comment       0x00000000       0x70 ..\obj\my_ext_irq.o
                                 0x71 (size before relaxing)
 .comment       0x00000000       0x71 ..\obj\stm32f10x_tim.o
 .comment       0x00000000       0x71 ..\obj\startup_stm32f10x_md_vl.o
 .comment       0x00000000       0x71 ..\obj\system_stm32f10x.o
 .comment       0x00000000       0x71 ..\obj\nock_machine.o
 .comment       0x00000000       0x71 ..\obj\eepromworker.o
 .comment       0x00000000       0x71 ..\obj\stm32f10x_gpio.o
 .comment       0x00000000       0x71 ..\obj\softtimer.o
 .comment       0x00000000       0x71 ..\obj\main.o
 .comment       0x00000000       0x71 ..\obj\uart_logger.o
 .comment       0x00000000       0x71 ..\obj\stm32f10x_rcc.o
 .comment       0x00000000       0x71 ..\obj\stm32f10x_exti.o
 .comment       0x00000000       0x71 ..\obj\stm32f10x_usart.o
 .comment       0x00000000       0x71 ..\obj\leds.o
 .comment       0x00000000       0x71 ..\obj\misc.o
 .comment       0x00000000       0x71 ..\obj\buttons.o

.ARM.attributes
                0x00000000       0x33
 .ARM.attributes
                0x00000000       0x33 ..\obj\my_ext_irq.o
 .ARM.attributes
                0x00000033       0x33 ..\obj\stm32f10x_tim.o
 .ARM.attributes
                0x00000066       0x33 ..\obj\startup_stm32f10x_md_vl.o
 .ARM.attributes
                0x00000099       0x33 ..\obj\system_stm32f10x.o
 .ARM.attributes
                0x000000cc       0x33 ..\obj\nock_machine.o
 .ARM.attributes
                0x000000ff       0x33 ..\obj\eepromworker.o
 .ARM.attributes
                0x00000132       0x33 ..\obj\stm32f10x_gpio.o
 .ARM.attributes
                0x00000165       0x33 ..\obj\softtimer.o
 .ARM.attributes
                0x00000198       0x33 ..\obj\main.o
 .ARM.attributes
                0x000001cb       0x33 ..\obj\uart_logger.o
 .ARM.attributes
                0x000001fe       0x33 ..\obj\stm32f10x_rcc.o
 .ARM.attributes
                0x00000231       0x33 ..\obj\stm32f10x_exti.o
 .ARM.attributes
                0x00000264       0x33 ..\obj\stm32f10x_usart.o
 .ARM.attributes
                0x00000297       0x33 ..\obj\leds.o
 .ARM.attributes
                0x000002ca       0x33 ..\obj\misc.o
 .ARM.attributes
                0x000002fd       0x33 ..\obj\buttons.o
 .ARM.attributes
                0x00000330       0x2d c:/program files/gnu tools arm embedded/4.7 2013q3/bin/../lib/gcc/arm-none-eabi/4.7.4/../../../../arm-none-eabi/lib/armv7-m\libg.a(lib_a-memcpy.o)

.debug_frame    0x00000000     0x1af8
 .debug_frame   0x00000000       0x4c ..\obj\my_ext_irq.o
 .debug_frame   0x0000004c      0xa20 ..\obj\stm32f10x_tim.o
 .debug_frame   0x00000a6c       0x48 ..\obj\startup_stm32f10x_md_vl.o
 .debug_frame   0x00000ab4       0x80 ..\obj\system_stm32f10x.o
 .debug_frame   0x00000b34      0x15c ..\obj\nock_machine.o
 .debug_frame   0x00000c90       0x7c ..\obj\eepromworker.o
 .debug_frame   0x00000d0c      0x210 ..\obj\stm32f10x_gpio.o
 .debug_frame   0x00000f1c       0xfc ..\obj\softtimer.o
 .debug_frame   0x00001018       0x2c ..\obj\main.o
 .debug_frame   0x00001044      0x128 ..\obj\uart_logger.o
 .debug_frame   0x0000116c      0x3a4 ..\obj\stm32f10x_rcc.o
 .debug_frame   0x00001510       0xec ..\obj\stm32f10x_exti.o
 .debug_frame   0x000015fc      0x344 ..\obj\stm32f10x_usart.o
 .debug_frame   0x00001940       0x84 ..\obj\leds.o
 .debug_frame   0x000019c4       0x9c ..\obj\misc.o
 .debug_frame   0x00001a60       0x68 ..\obj\buttons.o
 .debug_frame   0x00001ac8       0x30 c:/program files/gnu tools arm embedded/4.7 2013q3/bin/../lib/gcc/arm-none-eabi/4.7.4/../../../../arm-none-eabi/lib/armv7-m\libg.a(lib_a-memcpy.o)
